Aug 19 00:12:30 kali kernel: [    0.000000] Linux version 4.19.0-kali4-amd64 (devel@kali.org) (gcc version 8.3.0 (Debian 8.3.0-2)) #1 SMP Debian 4.19.28-2kali1 (2019-03-18)
Aug 19 00:12:30 kali kernel: [    0.000000] Command line: BOOT_IMAGE=/boot/vmlinuz-4.19.0-kali4-amd64 root=UUID=ef52d465-e451-41cf-b06a-80bdb2190af9 ro initrd=/install/gtk/initrd.gz quiet
Aug 19 00:12:30 kali kernel: [    0.000000] x86/fpu: Supporting XSAVE feature 0x001: 'x87 floating point registers'
Aug 19 00:12:30 kali kernel: [    0.000000] x86/fpu: Supporting XSAVE feature 0x002: 'SSE registers'
Aug 19 00:12:30 kali kernel: [    0.000000] x86/fpu: Supporting XSAVE feature 0x004: 'AVX registers'
Aug 19 00:12:30 kali kernel: [    0.000000] x86/fpu: xstate_offset[2]:  576, xstate_sizes[2]:  256
Aug 19 00:12:30 kali kernel: [    0.000000] x86/fpu: Enabled xstate features 0x7, context size is 832 bytes, using 'standard' format.
Aug 19 00:12:30 kali kernel: [    0.000000] BIOS-provided physical RAM map:
Aug 19 00:12:30 kali kernel: [    0.000000] BIOS-e820: [mem 0x0000000000000000-0x000000000009fbff] usable
Aug 19 00:12:30 kali kernel: [    0.000000] BIOS-e820: [mem 0x000000000009fc00-0x000000000009ffff] reserved
Aug 19 00:12:30 kali kernel: [    0.000000] BIOS-e820: [mem 0x00000000000f0000-0x00000000000fffff] reserved
Aug 19 00:12:30 kali kernel: [    0.000000] BIOS-e820: [mem 0x0000000000100000-0x00000000dffeffff] usable
Aug 19 00:12:30 kali kernel: [    0.000000] BIOS-e820: [mem 0x00000000dfff0000-0x00000000dfffffff] ACPI data
Aug 19 00:12:30 kali kernel: [    0.000000] BIOS-e820: [mem 0x00000000fec00000-0x00000000fec00fff] reserved
Aug 19 00:12:30 kali kernel: [    0.000000] BIOS-e820: [mem 0x00000000fee00000-0x00000000fee00fff] reserved
Aug 19 00:12:30 kali kernel: [    0.000000] BIOS-e820: [mem 0x00000000fffc0000-0x00000000ffffffff] reserved
Aug 19 00:12:30 kali kernel: [    0.000000] BIOS-e820: [mem 0x0000000100000000-0x000000011fffffff] usable
Aug 19 00:12:30 kali kernel: [    0.000000] NX (Execute Disable) protection: active
Aug 19 00:12:30 kali kernel: [    0.000000] SMBIOS 2.5 present.
Aug 19 00:12:30 kali kernel: [    0.000000] DMI: innotek GmbH VirtualBox/VirtualBox, BIOS VirtualBox 12/01/2006
Aug 19 00:12:30 kali kernel: [    0.000000] Hypervisor detected: KVM
Aug 19 00:12:30 kali kernel: [    0.000000] kvm-clock: Using msrs 4b564d01 and 4b564d00
Aug 19 00:12:30 kali kernel: [    0.000000] kvm-clock: cpu 0, msr 861dd001, primary cpu clock
Aug 19 00:12:30 kali kernel: [    0.000000] kvm-clock: using sched offset of 926690913617 cycles
Aug 19 00:12:30 kali kernel: [    0.000002] clocksource: kvm-clock: mask: 0xffffffffffffffff max_cycles: 0x1cd42e4dffb, max_idle_ns: 881590591483 ns
Aug 19 00:12:30 kali kernel: [    0.000006] tsc: Detected 2808.004 MHz processor
Aug 19 00:12:30 kali kernel: [    0.004269] e820: update [mem 0x00000000-0x00000fff] usable ==> reserved
Aug 19 00:12:30 kali kernel: [    0.004276] e820: remove [mem 0x000a0000-0x000fffff] usable
Aug 19 00:12:30 kali kernel: [    0.004287] last_pfn = 0x120000 max_arch_pfn = 0x400000000
Aug 19 00:12:30 kali kernel: [    0.004301] MTRR default type: uncachable
Aug 19 00:12:30 kali kernel: [    0.004302] MTRR variable ranges disabled:
Aug 19 00:12:30 kali kernel: [    0.004303] Disabled
Aug 19 00:12:30 kali kernel: [    0.004304] x86/PAT: MTRRs disabled, skipping PAT initialization too.
Aug 19 00:12:30 kali kernel: [    0.004307] CPU MTRRs all blank - virtualized system.
Aug 19 00:12:30 kali kernel: [    0.004311] x86/PAT: Configuration [0-7]: WB  WT  UC- UC  WB  WT  UC- UC  
Aug 19 00:12:30 kali kernel: [    0.004315] last_pfn = 0xdfff0 max_arch_pfn = 0x400000000
Aug 19 00:12:30 kali kernel: [    0.144448] Base memory trampoline at [(____ptrval____)] 99000 size 24576
Aug 19 00:12:30 kali kernel: [    0.144481] BRK [0x86401000, 0x86401fff] PGTABLE
Aug 19 00:12:30 kali kernel: [    0.144485] BRK [0x86402000, 0x86402fff] PGTABLE
Aug 19 00:12:30 kali kernel: [    0.144486] BRK [0x86403000, 0x86403fff] PGTABLE
Aug 19 00:12:30 kali kernel: [    0.144519] BRK [0x86404000, 0x86404fff] PGTABLE
Aug 19 00:12:30 kali kernel: [    0.144522] BRK [0x86405000, 0x86405fff] PGTABLE
Aug 19 00:12:30 kali kernel: [    0.144808] RAMDISK: [mem 0x32fd9000-0x357e3fff]
Aug 19 00:12:30 kali kernel: [    0.144821] ACPI: Early table checksum verification disabled
Aug 19 00:12:30 kali kernel: [    0.144847] ACPI: RSDP 0x00000000000E0000 000024 (v02 VBOX  )
Aug 19 00:12:30 kali kernel: [    0.144854] ACPI: XSDT 0x00000000DFFF0030 00003C (v01 VBOX   VBOXXSDT 00000001 ASL  00000061)
Aug 19 00:12:30 kali kernel: [    0.144862] ACPI: FACP 0x00000000DFFF00F0 0000F4 (v04 VBOX   VBOXFACP 00000001 ASL  00000061)
Aug 19 00:12:30 kali kernel: [    0.144870] ACPI: DSDT 0x00000000DFFF0470 0022EA (v02 VBOX   VBOXBIOS 00000002 INTL 20100528)
Aug 19 00:12:30 kali kernel: [    0.144875] ACPI: FACS 0x00000000DFFF0200 000040
Aug 19 00:12:30 kali kernel: [    0.144881] ACPI: FACS 0x00000000DFFF0200 000040
Aug 19 00:12:30 kali kernel: [    0.144887] ACPI: APIC 0x00000000DFFF0240 00005C (v02 VBOX   VBOXAPIC 00000001 ASL  00000061)
Aug 19 00:12:30 kali kernel: [    0.144893] ACPI: SSDT 0x00000000DFFF02A0 0001CC (v01 VBOX   VBOXCPUT 00000002 INTL 20100528)
Aug 19 00:12:30 kali kernel: [    0.144905] ACPI: Local APIC address 0xfee00000
Aug 19 00:12:30 kali kernel: [    0.145182] No NUMA configuration found
Aug 19 00:12:30 kali kernel: [    0.145184] Faking a node at [mem 0x0000000000000000-0x000000011fffffff]
Aug 19 00:12:30 kali kernel: [    0.145189] NODE_DATA(0) allocated [mem 0x11fff7000-0x11fffbfff]
Aug 19 00:12:30 kali kernel: [    0.145223] Zone ranges:
Aug 19 00:12:30 kali kernel: [    0.145224]   DMA      [mem 0x0000000000001000-0x0000000000ffffff]
Aug 19 00:12:30 kali kernel: [    0.145228]   DMA32    [mem 0x0000000001000000-0x00000000ffffffff]
Aug 19 00:12:30 kali kernel: [    0.145230]   Normal   [mem 0x0000000100000000-0x000000011fffffff]
Aug 19 00:12:30 kali kernel: [    0.145233]   Device   empty
Aug 19 00:12:30 kali kernel: [    0.145235] Movable zone start for each node
Aug 19 00:12:30 kali kernel: [    0.145236] Early memory node ranges
Aug 19 00:12:30 kali kernel: [    0.145238]   node   0: [mem 0x0000000000001000-0x000000000009efff]
Aug 19 00:12:30 kali kernel: [    0.145239]   node   0: [mem 0x0000000000100000-0x00000000dffeffff]
Aug 19 00:12:30 kali kernel: [    0.145241]   node   0: [mem 0x0000000100000000-0x000000011fffffff]
Aug 19 00:12:30 kali kernel: [    0.145247] Reserved but unavailable: 98 pages
Aug 19 00:12:30 kali kernel: [    0.145250] Initmem setup node 0 [mem 0x0000000000001000-0x000000011fffffff]
Aug 19 00:12:30 kali kernel: [    0.145251] On node 0 totalpages: 1048462
Aug 19 00:12:30 kali kernel: [    0.145253]   DMA zone: 64 pages used for memmap
Aug 19 00:12:30 kali kernel: [    0.145254]   DMA zone: 21 pages reserved
Aug 19 00:12:30 kali kernel: [    0.145256]   DMA zone: 3998 pages, LIFO batch:0
Aug 19 00:12:30 kali kernel: [    0.145358]   DMA32 zone: 14272 pages used for memmap
Aug 19 00:12:30 kali kernel: [    0.145359]   DMA32 zone: 913392 pages, LIFO batch:63
Aug 19 00:12:30 kali kernel: [    0.168719]   Normal zone: 2048 pages used for memmap
Aug 19 00:12:30 kali kernel: [    0.168722]   Normal zone: 131072 pages, LIFO batch:31
Aug 19 00:12:30 kali kernel: [    0.172520] ACPI: PM-Timer IO Port: 0x4008
Aug 19 00:12:30 kali kernel: [    0.172523] ACPI: Local APIC address 0xfee00000
Aug 19 00:12:30 kali kernel: [    0.172602] IOAPIC[0]: apic_id 2, version 32, address 0xfec00000, GSI 0-23
Aug 19 00:12:30 kali kernel: [    0.172605] ACPI: INT_SRC_OVR (bus 0 bus_irq 0 global_irq 2 dfl dfl)
Aug 19 00:12:30 kali kernel: [    0.172607] ACPI: INT_SRC_OVR (bus 0 bus_irq 9 global_irq 9 low level)
Aug 19 00:12:30 kali kernel: [    0.172609] ACPI: IRQ0 used by override.
Aug 19 00:12:30 kali kernel: [    0.172611] ACPI: IRQ9 used by override.
Aug 19 00:12:30 kali kernel: [    0.172614] Using ACPI (MADT) for SMP configuration information
Aug 19 00:12:30 kali kernel: [    0.172622] smpboot: Allowing 2 CPUs, 0 hotplug CPUs
Aug 19 00:12:30 kali kernel: [    0.172646] PM: Registered nosave memory: [mem 0x00000000-0x00000fff]
Aug 19 00:12:30 kali kernel: [    0.172648] PM: Registered nosave memory: [mem 0x0009f000-0x0009ffff]
Aug 19 00:12:30 kali kernel: [    0.172650] PM: Registered nosave memory: [mem 0x000a0000-0x000effff]
Aug 19 00:12:30 kali kernel: [    0.172652] PM: Registered nosave memory: [mem 0x000f0000-0x000fffff]
Aug 19 00:12:30 kali kernel: [    0.172653] PM: Registered nosave memory: [mem 0xdfff0000-0xdfffffff]
Aug 19 00:12:30 kali kernel: [    0.172654] PM: Registered nosave memory: [mem 0xe0000000-0xfebfffff]
Aug 19 00:12:30 kali kernel: [    0.172655] PM: Registered nosave memory: [mem 0xfec00000-0xfec00fff]
Aug 19 00:12:30 kali kernel: [    0.172656] PM: Registered nosave memory: [mem 0xfec01000-0xfedfffff]
Aug 19 00:12:30 kali kernel: [    0.172657] PM: Registered nosave memory: [mem 0xfee00000-0xfee00fff]
Aug 19 00:12:30 kali kernel: [    0.172658] PM: Registered nosave memory: [mem 0xfee01000-0xfffbffff]
Aug 19 00:12:30 kali kernel: [    0.172659] PM: Registered nosave memory: [mem 0xfffc0000-0xffffffff]
Aug 19 00:12:30 kali kernel: [    0.172661] [mem 0xe0000000-0xfebfffff] available for PCI devices
Aug 19 00:12:30 kali kernel: [    0.172662] Booting paravirtualized kernel on KVM
Aug 19 00:12:30 kali kernel: [    0.172665] clocksource: refined-jiffies: mask: 0xffffffff max_cycles: 0xffffffff, max_idle_ns: 7645519600211568 ns
Aug 19 00:12:30 kali kernel: [    0.462020] random: get_random_bytes called from start_kernel+0x93/0x531 with crng_init=0
Aug 19 00:12:30 kali kernel: [    0.462029] setup_percpu: NR_CPUS:512 nr_cpumask_bits:512 nr_cpu_ids:2 nr_node_ids:1
Aug 19 00:12:30 kali kernel: [    0.462144] percpu: Embedded 44 pages/cpu @(____ptrval____) s143192 r8192 d28840 u1048576
Aug 19 00:12:30 kali kernel: [    0.462149] pcpu-alloc: s143192 r8192 d28840 u1048576 alloc=1*2097152
Aug 19 00:12:30 kali kernel: [    0.462151] pcpu-alloc: [0] 0 1 
Aug 19 00:12:30 kali kernel: [    0.462181] PV qspinlock hash table entries: 256 (order: 0, 4096 bytes)
Aug 19 00:12:30 kali kernel: [    0.462187] Built 1 zonelists, mobility grouping on.  Total pages: 1032057
Aug 19 00:12:30 kali kernel: [    0.462189] Policy zone: Normal
Aug 19 00:12:30 kali kernel: [    0.462191] Kernel command line: BOOT_IMAGE=/boot/vmlinuz-4.19.0-kali4-amd64 root=UUID=ef52d465-e451-41cf-b06a-80bdb2190af9 ro initrd=/install/gtk/initrd.gz quiet
Aug 19 00:12:30 kali kernel: [    0.471525] Calgary: detecting Calgary via BIOS EBDA area
Aug 19 00:12:30 kali kernel: [    0.471528] Calgary: Unable to locate Rio Grande table in EBDA - bailing!
Aug 19 00:12:30 kali kernel: [    0.484690] Memory: 3996112K/4193848K available (10252K kernel code, 1240K rwdata, 3272K rodata, 1576K init, 2308K bss, 197736K reserved, 0K cma-reserved)
Aug 19 00:12:30 kali kernel: [    0.485084] SLUB: HWalign=64, Order=0-3, MinObjects=0, CPUs=2, Nodes=1
Aug 19 00:12:30 kali kernel: [    0.485097] Kernel/User page tables isolation: enabled
Aug 19 00:12:30 kali kernel: [    0.485140] ftrace: allocating 31773 entries in 125 pages
Aug 19 00:12:30 kali kernel: [    0.510579] rcu: Hierarchical RCU implementation.
Aug 19 00:12:30 kali kernel: [    0.510581] rcu: 	RCU restricting CPUs from NR_CPUS=512 to nr_cpu_ids=2.
Aug 19 00:12:30 kali kernel: [    0.510582] rcu: Adjusting geometry for rcu_fanout_leaf=16, nr_cpu_ids=2
Aug 19 00:12:30 kali kernel: [    0.514843] NR_IRQS: 33024, nr_irqs: 440, preallocated irqs: 16
Aug 19 00:12:30 kali kernel: [    0.531123] Console: colour VGA+ 80x25
Aug 19 00:12:30 kali kernel: [    0.531126] console [tty0] enabled
Aug 19 00:12:30 kali kernel: [    0.531147] ACPI: Core revision 20180810
Aug 19 00:12:30 kali kernel: [    0.531279] APIC: Switch to symmetric I/O mode setup
Aug 19 00:12:30 kali kernel: [    0.531665] x2apic enabled
Aug 19 00:12:30 kali kernel: [    0.532092] Switched APIC routing to physical x2apic.
Aug 19 00:12:30 kali kernel: [    0.533854] ..TIMER: vector=0x30 apic1=0 pin1=2 apic2=-1 pin2=-1
Aug 19 00:12:30 kali kernel: [    0.533891] clocksource: tsc-early: mask: 0xffffffffffffffff max_cycles: 0x2879c989f7e, max_idle_ns: 440795237972 ns
Aug 19 00:12:30 kali kernel: [    0.533910] Calibrating delay loop (skipped) preset value.. 5616.00 BogoMIPS (lpj=11232016)
Aug 19 00:12:30 kali kernel: [    0.533914] pid_max: default: 32768 minimum: 301
Aug 19 00:12:30 kali kernel: [    0.533946] Security Framework initialized
Aug 19 00:12:30 kali kernel: [    0.533948] Yama: disabled by default; enable with sysctl kernel.yama.*
Aug 19 00:12:30 kali kernel: [    0.533966] AppArmor: AppArmor initialized
Aug 19 00:12:30 kali kernel: [    0.535042] Dentry cache hash table entries: 524288 (order: 10, 4194304 bytes)
Aug 19 00:12:30 kali kernel: [    0.535550] Inode-cache hash table entries: 262144 (order: 9, 2097152 bytes)
Aug 19 00:12:30 kali kernel: [    0.535569] Mount-cache hash table entries: 8192 (order: 4, 65536 bytes)
Aug 19 00:12:30 kali kernel: [    0.535577] Mountpoint-cache hash table entries: 8192 (order: 4, 65536 bytes)
Aug 19 00:12:30 kali kernel: [    0.538001] mce: CPU supports 0 MCE banks
Aug 19 00:12:30 kali kernel: [    0.538020] Last level iTLB entries: 4KB 64, 2MB 8, 4MB 8
Aug 19 00:12:30 kali kernel: [    0.538022] Last level dTLB entries: 4KB 64, 2MB 0, 4MB 0, 1GB 4
Aug 19 00:12:30 kali kernel: [    0.538023] Spectre V2 : Mitigation: Full generic retpoline
Aug 19 00:12:30 kali kernel: [    0.538024] Spectre V2 : Spectre v2 / SpectreRSB mitigation: Filling RSB on context switch
Aug 19 00:12:30 kali kernel: [    0.538026] Speculative Store Bypass: Vulnerable
Aug 19 00:12:30 kali kernel: [    0.538241] Freeing SMP alternatives memory: 24K
Aug 19 00:12:30 kali kernel: [    0.541893] smpboot: CPU0: Intel(R) Core(TM) i7-7700HQ CPU @ 2.80GHz (family: 0x6, model: 0x9e, stepping: 0x9)
Aug 19 00:12:30 kali kernel: [    0.541893] Performance Events: unsupported p6 CPU model 158 no PMU driver, software events only.
Aug 19 00:12:30 kali kernel: [    0.541893] rcu: Hierarchical SRCU implementation.
Aug 19 00:12:30 kali kernel: [    0.541893] random: crng done (trusting CPU's manufacturer)
Aug 19 00:12:30 kali kernel: [    0.541893] NMI watchdog: Perf NMI watchdog permanently disabled
Aug 19 00:12:30 kali kernel: [    0.541893] smp: Bringing up secondary CPUs ...
Aug 19 00:12:30 kali kernel: [    0.541893] x86: Booting SMP configuration:
Aug 19 00:12:30 kali kernel: [    0.541893] .... node  #0, CPUs:      #1
Aug 19 00:12:30 kali kernel: [    0.022729] kvm-clock: cpu 1, msr 861dd041, secondary cpu clock
Aug 19 00:12:30 kali kernel: [    0.022729] mce: CPU supports 0 MCE banks
Aug 19 00:12:30 kali kernel: [    0.541893] smp: Brought up 1 node, 2 CPUs
Aug 19 00:12:30 kali kernel: [    0.541893] smpboot: Max logical packages: 1
Aug 19 00:12:30 kali kernel: [    0.541893] smpboot: Total of 2 processors activated (11232.01 BogoMIPS)
Aug 19 00:12:30 kali kernel: [    0.541966] devtmpfs: initialized
Aug 19 00:12:30 kali kernel: [    0.541966] x86/mm: Memory block size: 128MB
Aug 19 00:12:30 kali kernel: [    0.542360] clocksource: jiffies: mask: 0xffffffff max_cycles: 0xffffffff, max_idle_ns: 7645041785100000 ns
Aug 19 00:12:30 kali kernel: [    0.542360] futex hash table entries: 512 (order: 3, 32768 bytes)
Aug 19 00:12:30 kali kernel: [    0.542360] pinctrl core: initialized pinctrl subsystem
Aug 19 00:12:30 kali kernel: [    0.542360] NET: Registered protocol family 16
Aug 19 00:12:30 kali kernel: [    0.542360] audit: initializing netlink subsys (disabled)
Aug 19 00:12:30 kali kernel: [    0.542360] audit: type=2000 audit(1566196074.775:1): state=initialized audit_enabled=0 res=1
Aug 19 00:12:30 kali kernel: [    0.542360] cpuidle: using governor ladder
Aug 19 00:12:30 kali kernel: [    0.542360] cpuidle: using governor menu
Aug 19 00:12:30 kali kernel: [    0.542360] ACPI: bus type PCI registered
Aug 19 00:12:30 kali kernel: [    0.542360] acpiphp: ACPI Hot Plug PCI Controller Driver version: 0.5
Aug 19 00:12:30 kali kernel: [    0.542360] PCI: Using configuration type 1 for base access
Aug 19 00:12:30 kali kernel: [    0.542688] HugeTLB registered 2.00 MiB page size, pre-allocated 0 pages
Aug 19 00:12:30 kali kernel: [    0.542688] ACPI: Added _OSI(Module Device)
Aug 19 00:12:30 kali kernel: [    0.542688] ACPI: Added _OSI(Processor Device)
Aug 19 00:12:30 kali kernel: [    0.542688] ACPI: Added _OSI(3.0 _SCP Extensions)
Aug 19 00:12:30 kali kernel: [    0.542688] ACPI: Added _OSI(Processor Aggregator Device)
Aug 19 00:12:30 kali kernel: [    0.542688] ACPI: Added _OSI(Linux-Dell-Video)
Aug 19 00:12:30 kali kernel: [    0.542688] ACPI: Added _OSI(Linux-Lenovo-NV-HDMI-Audio)
Aug 19 00:12:30 kali kernel: [    0.546446] ACPI: 2 ACPI AML tables successfully acquired and loaded
Aug 19 00:12:30 kali kernel: [    0.548223] ACPI: Interpreter enabled
Aug 19 00:12:30 kali kernel: [    0.548233] ACPI: (supports S0 S5)
Aug 19 00:12:30 kali kernel: [    0.548234] ACPI: Using IOAPIC for interrupt routing
Aug 19 00:12:30 kali kernel: [    0.548419] PCI: Using host bridge windows from ACPI; if necessary, use "pci=nocrs" and report a bug
Aug 19 00:12:30 kali kernel: [    0.548557] ACPI: Enabled 2 GPEs in block 00 to 07
Aug 19 00:12:30 kali kernel: [    0.554065] ACPI: PCI Root Bridge [PCI0] (domain 0000 [bus 00-ff])
Aug 19 00:12:30 kali kernel: [    0.554070] acpi PNP0A03:00: _OSC: OS supports [ASPM ClockPM Segments MSI]
Aug 19 00:12:30 kali kernel: [    0.554461] acpi PNP0A03:00: _OSC: not requesting OS control; OS requires [ExtendedConfig ASPM ClockPM MSI]
Aug 19 00:12:30 kali kernel: [    0.554468] acpi PNP0A03:00: fail to add MMCONFIG information, can't access extended PCI configuration space under this bridge.
Aug 19 00:12:30 kali kernel: [    0.554817] PCI host bridge to bus 0000:00
Aug 19 00:12:30 kali kernel: [    0.554820] pci_bus 0000:00: root bus resource [io  0x0000-0x0cf7 window]
Aug 19 00:12:30 kali kernel: [    0.554821] pci_bus 0000:00: root bus resource [io  0x0d00-0xffff window]
Aug 19 00:12:30 kali kernel: [    0.554823] pci_bus 0000:00: root bus resource [mem 0x000a0000-0x000bffff window]
Aug 19 00:12:30 kali kernel: [    0.554824] pci_bus 0000:00: root bus resource [mem 0xe0000000-0xfdffffff window]
Aug 19 00:12:30 kali kernel: [    0.554826] pci_bus 0000:00: root bus resource [bus 00-ff]
Aug 19 00:12:30 kali kernel: [    0.554880] pci 0000:00:00.0: [8086:1237] type 00 class 0x060000
Aug 19 00:12:30 kali kernel: [    0.555608] pci 0000:00:01.0: [8086:7000] type 00 class 0x060100
Aug 19 00:12:30 kali kernel: [    0.556514] pci 0000:00:01.1: [8086:7111] type 00 class 0x01018a
Aug 19 00:12:30 kali kernel: [    0.557058] pci 0000:00:01.1: reg 0x20: [io  0xd000-0xd00f]
Aug 19 00:12:30 kali kernel: [    0.557277] pci 0000:00:01.1: legacy IDE quirk: reg 0x10: [io  0x01f0-0x01f7]
Aug 19 00:12:30 kali kernel: [    0.557278] pci 0000:00:01.1: legacy IDE quirk: reg 0x14: [io  0x03f6]
Aug 19 00:12:30 kali kernel: [    0.557280] pci 0000:00:01.1: legacy IDE quirk: reg 0x18: [io  0x0170-0x0177]
Aug 19 00:12:30 kali kernel: [    0.557281] pci 0000:00:01.1: legacy IDE quirk: reg 0x1c: [io  0x0376]
Aug 19 00:12:30 kali kernel: [    0.557562] pci 0000:00:02.0: [15ad:0405] type 00 class 0x030000
Aug 19 00:12:30 kali kernel: [    0.558315] pci 0000:00:02.0: reg 0x10: [io  0xd010-0xd01f]
Aug 19 00:12:30 kali kernel: [    0.562250] pci 0000:00:02.0: reg 0x14: [mem 0xf0000000-0xf0ffffff]
Aug 19 00:12:30 kali kernel: [    0.566236] pci 0000:00:02.0: reg 0x18: [mem 0xf1000000-0xf11fffff]
Aug 19 00:12:30 kali kernel: [    0.578696] pci 0000:00:03.0: [8086:100e] type 00 class 0x020000
Aug 19 00:12:30 kali kernel: [    0.581403] pci 0000:00:03.0: reg 0x10: [mem 0xf1200000-0xf121ffff]
Aug 19 00:12:30 kali kernel: [    0.586051] pci 0000:00:03.0: reg 0x18: [io  0xd020-0xd027]
Aug 19 00:12:30 kali kernel: [    0.598379] pci 0000:00:04.0: [80ee:cafe] type 00 class 0x088000
Aug 19 00:12:30 kali kernel: [    0.600991] pci 0000:00:04.0: reg 0x10: [io  0xd040-0xd05f]
Aug 19 00:12:30 kali kernel: [    0.602062] pci 0000:00:04.0: reg 0x14: [mem 0xf1400000-0xf17fffff]
Aug 19 00:12:30 kali kernel: [    0.606014] pci 0000:00:04.0: reg 0x18: [mem 0xf1800000-0xf1803fff pref]
Aug 19 00:12:30 kali kernel: [    0.614493] pci 0000:00:05.0: [8086:2415] type 00 class 0x040100
Aug 19 00:12:30 kali kernel: [    0.614682] pci 0000:00:05.0: reg 0x10: [io  0xd100-0xd1ff]
Aug 19 00:12:30 kali kernel: [    0.614787] pci 0000:00:05.0: reg 0x14: [io  0xd200-0xd23f]
Aug 19 00:12:30 kali kernel: [    0.618015] pci 0000:00:06.0: [106b:003f] type 00 class 0x0c0310
Aug 19 00:12:30 kali kernel: [    0.620630] pci 0000:00:06.0: reg 0x10: [mem 0xf1804000-0xf1804fff]
Aug 19 00:12:30 kali kernel: [    0.638095] pci 0000:00:07.0: [8086:7113] type 00 class 0x068000
Aug 19 00:12:30 kali kernel: [    0.638610] pci 0000:00:07.0: quirk: [io  0x4000-0x403f] claimed by PIIX4 ACPI
Aug 19 00:12:30 kali kernel: [    0.638624] pci 0000:00:07.0: quirk: [io  0x4100-0x410f] claimed by PIIX4 SMB
Aug 19 00:12:30 kali kernel: [    0.639013] pci 0000:00:0d.0: [8086:2829] type 00 class 0x010601
Aug 19 00:12:30 kali kernel: [    0.641772] pci 0000:00:0d.0: reg 0x10: [io  0xd240-0xd247]
Aug 19 00:12:30 kali kernel: [    0.642056] pci 0000:00:0d.0: reg 0x14: [io  0xd248-0xd24b]
Aug 19 00:12:30 kali kernel: [    0.646049] pci 0000:00:0d.0: reg 0x18: [io  0xd250-0xd257]
Aug 19 00:12:30 kali kernel: [    0.650016] pci 0000:00:0d.0: reg 0x1c: [io  0xd258-0xd25b]
Aug 19 00:12:30 kali kernel: [    0.654009] pci 0000:00:0d.0: reg 0x20: [io  0xd260-0xd26f]
Aug 19 00:12:30 kali kernel: [    0.657013] pci 0000:00:0d.0: reg 0x24: [mem 0xf1806000-0xf1807fff]
Aug 19 00:12:30 kali kernel: [    0.662222] ACPI: PCI Interrupt Link [LNKA] (IRQs 5 9 10 *11)
Aug 19 00:12:30 kali kernel: [    0.662493] ACPI: PCI Interrupt Link [LNKB] (IRQs 5 9 *10 11)
Aug 19 00:12:30 kali kernel: [    0.662601] ACPI: PCI Interrupt Link [LNKC] (IRQs 5 *9 10 11)
Aug 19 00:12:30 kali kernel: [    0.662710] ACPI: PCI Interrupt Link [LNKD] (IRQs 5 9 10 *11)
Aug 19 00:12:30 kali kernel: [    0.662934] pci 0000:00:02.0: vgaarb: setting as boot VGA device
Aug 19 00:12:30 kali kernel: [    0.662934] pci 0000:00:02.0: vgaarb: VGA device added: decodes=io+mem,owns=io+mem,locks=none
Aug 19 00:12:30 kali kernel: [    0.662934] pci 0000:00:02.0: vgaarb: bridge control possible
Aug 19 00:12:30 kali kernel: [    0.662934] vgaarb: loaded
Aug 19 00:12:30 kali kernel: [    0.662934] pps_core: LinuxPPS API ver. 1 registered
Aug 19 00:12:30 kali kernel: [    0.662934] pps_core: Software ver. 5.3.6 - Copyright 2005-2007 Rodolfo Giometti <giometti@linux.it>
Aug 19 00:12:30 kali kernel: [    0.662934] PTP clock support registered
Aug 19 00:12:30 kali kernel: [    0.662934] EDAC MC: Ver: 3.0.0
Aug 19 00:12:30 kali kernel: [    0.662934] PCI: Using ACPI for IRQ routing
Aug 19 00:12:30 kali kernel: [    0.662934] PCI: pci_cache_line_size set to 64 bytes
Aug 19 00:12:30 kali kernel: [    0.662934] e820: reserve RAM buffer [mem 0x0009fc00-0x0009ffff]
Aug 19 00:12:30 kali kernel: [    0.662934] e820: reserve RAM buffer [mem 0xdfff0000-0xdfffffff]
Aug 19 00:12:30 kali kernel: [    0.662934] clocksource: Switched to clocksource kvm-clock
Aug 19 00:12:30 kali kernel: [    0.672925] VFS: Disk quotas dquot_6.6.0
Aug 19 00:12:30 kali kernel: [    0.672941] VFS: Dquot-cache hash table entries: 512 (order 0, 4096 bytes)
Aug 19 00:12:30 kali kernel: [    0.673050] AppArmor: AppArmor Filesystem Enabled
Aug 19 00:12:30 kali kernel: [    0.673073] pnp: PnP ACPI init
Aug 19 00:12:30 kali kernel: [    0.673140] pnp 00:00: Plug and Play ACPI device, IDs PNP0303 (active)
Aug 19 00:12:30 kali kernel: [    0.673211] pnp 00:01: Plug and Play ACPI device, IDs PNP0f03 (active)
Aug 19 00:12:30 kali kernel: [    0.673973] pnp: PnP ACPI: found 2 devices
Aug 19 00:12:30 kali kernel: [    0.684241] clocksource: acpi_pm: mask: 0xffffff max_cycles: 0xffffff, max_idle_ns: 2085701024 ns
Aug 19 00:12:30 kali kernel: [    0.684252] pci_bus 0000:00: resource 4 [io  0x0000-0x0cf7 window]
Aug 19 00:12:30 kali kernel: [    0.684254] pci_bus 0000:00: resource 5 [io  0x0d00-0xffff window]
Aug 19 00:12:30 kali kernel: [    0.684255] pci_bus 0000:00: resource 6 [mem 0x000a0000-0x000bffff window]
Aug 19 00:12:30 kali kernel: [    0.684257] pci_bus 0000:00: resource 7 [mem 0xe0000000-0xfdffffff window]
Aug 19 00:12:30 kali kernel: [    0.684303] NET: Registered protocol family 2
Aug 19 00:12:30 kali kernel: [    0.684454] tcp_listen_portaddr_hash hash table entries: 2048 (order: 3, 32768 bytes)
Aug 19 00:12:30 kali kernel: [    0.684484] TCP established hash table entries: 32768 (order: 6, 262144 bytes)
Aug 19 00:12:30 kali kernel: [    0.684534] TCP bind hash table entries: 32768 (order: 7, 524288 bytes)
Aug 19 00:12:30 kali kernel: [    0.684601] TCP: Hash tables configured (established 32768 bind 32768)
Aug 19 00:12:30 kali kernel: [    0.684628] UDP hash table entries: 2048 (order: 4, 65536 bytes)
Aug 19 00:12:30 kali kernel: [    0.684641] UDP-Lite hash table entries: 2048 (order: 4, 65536 bytes)
Aug 19 00:12:30 kali kernel: [    0.684682] NET: Registered protocol family 1
Aug 19 00:12:30 kali kernel: [    0.684693] NET: Registered protocol family 44
Aug 19 00:12:30 kali kernel: [    0.684716] pci 0000:00:00.0: Limiting direct PCI/PCI transfers
Aug 19 00:12:30 kali kernel: [    0.684731] pci 0000:00:01.0: Activating ISA DMA hang workarounds
Aug 19 00:12:30 kali kernel: [    0.684795] pci 0000:00:02.0: Video device with shadowed ROM at [mem 0x000c0000-0x000dffff]
Aug 19 00:12:30 kali kernel: [    0.686300] PCI: CLS 0 bytes, default 64
Aug 19 00:12:30 kali kernel: [    0.686643] Unpacking initramfs...
Aug 19 00:12:30 kali kernel: [    1.272994] Freeing initrd memory: 41004K
Aug 19 00:12:30 kali kernel: [    1.273040] PCI-DMA: Using software bounce buffering for IO (SWIOTLB)
Aug 19 00:12:30 kali kernel: [    1.273043] software IO TLB: mapped [mem 0xdbff0000-0xdfff0000] (64MB)
Aug 19 00:12:30 kali kernel: [    1.273092] clocksource: tsc: mask: 0xffffffffffffffff max_cycles: 0x2879c989f7e, max_idle_ns: 440795237972 ns
Aug 19 00:12:30 kali kernel: [    1.273127] platform rtc_cmos: registered platform RTC device (no PNP device found)
Aug 19 00:12:30 kali kernel: [    1.274218] Initialise system trusted keyrings
Aug 19 00:12:30 kali kernel: [    1.274369] workingset: timestamp_bits=40 max_order=20 bucket_order=0
Aug 19 00:12:30 kali kernel: [    1.275664] zbud: loaded
Aug 19 00:12:30 kali kernel: [    1.275945] pstore: using deflate compression
Aug 19 00:12:30 kali kernel: [    1.594037] Key type asymmetric registered
Aug 19 00:12:30 kali kernel: [    1.594038] Asymmetric key parser 'x509' registered
Aug 19 00:12:30 kali kernel: [    1.594053] Block layer SCSI generic (bsg) driver version 0.4 loaded (major 247)
Aug 19 00:12:30 kali kernel: [    1.594111] io scheduler noop registered
Aug 19 00:12:30 kali kernel: [    1.594112] io scheduler deadline registered
Aug 19 00:12:30 kali kernel: [    1.594152] io scheduler cfq registered (default)
Aug 19 00:12:30 kali kernel: [    1.594153] io scheduler mq-deadline registered
Aug 19 00:12:30 kali kernel: [    1.594322] shpchp: Standard Hot Plug PCI Controller Driver version: 0.4
Aug 19 00:12:30 kali kernel: [    1.594334] intel_idle: Please enable MWAIT in BIOS SETUP
Aug 19 00:12:30 kali kernel: [    1.594591] Serial: 8250/16550 driver, 4 ports, IRQ sharing enabled
Aug 19 00:12:30 kali kernel: [    1.595142] Linux agpgart interface v0.103
Aug 19 00:12:30 kali kernel: [    1.595252] AMD IOMMUv2 driver by Joerg Roedel <jroedel@suse.de>
Aug 19 00:12:30 kali kernel: [    1.595253] AMD IOMMUv2 functionality not available on this system
Aug 19 00:12:30 kali kernel: [    1.595511] i8042: PNP: PS/2 Controller [PNP0303:PS2K,PNP0f03:PS2M] at 0x60,0x64 irq 1,12
Aug 19 00:12:30 kali kernel: [    1.596056] serio: i8042 KBD port at 0x60,0x64 irq 1
Aug 19 00:12:30 kali kernel: [    1.596062] serio: i8042 AUX port at 0x60,0x64 irq 12
Aug 19 00:12:30 kali kernel: [    1.596221] mousedev: PS/2 mouse device common for all mice
Aug 19 00:12:30 kali kernel: [    1.596610] rtc_cmos rtc_cmos: registered as rtc0
Aug 19 00:12:30 kali kernel: [    1.596656] rtc_cmos rtc_cmos: alarms up to one day, 114 bytes nvram
Aug 19 00:12:30 kali kernel: [    1.596892] ledtrig-cpu: registered to indicate activity on CPUs
Aug 19 00:12:30 kali kernel: [    1.597051] input: AT Translated Set 2 keyboard as /devices/platform/i8042/serio0/input/input0
Aug 19 00:12:30 kali kernel: [    1.597436] NET: Registered protocol family 10
Aug 19 00:12:30 kali kernel: [    1.604731] Segment Routing with IPv6
Aug 19 00:12:30 kali kernel: [    1.604753] mip6: Mobile IPv6
Aug 19 00:12:30 kali kernel: [    1.604755] NET: Registered protocol family 17
Aug 19 00:12:30 kali kernel: [    1.604821] mpls_gso: MPLS GSO support
Aug 19 00:12:30 kali kernel: [    1.605022] sched_clock: Marking stable (1586256467, 18729072)->(1712669120, -107683581)
Aug 19 00:12:30 kali kernel: [    1.605571] registered taskstats version 1
Aug 19 00:12:30 kali kernel: [    1.605572] Loading compiled-in X.509 certificates
Aug 19 00:12:30 kali kernel: [    1.634089] Loaded X.509 cert 'Debian Secure Boot CA: 6ccece7e4c6c0d1f6149f3dd27dfcc5cbb419ea1'
Aug 19 00:12:30 kali kernel: [    1.634104] Loaded X.509 cert 'Debian Secure Boot Signer: 00a7468def'
Aug 19 00:12:30 kali kernel: [    1.634122] zswap: loaded using pool lzo/zbud
Aug 19 00:12:30 kali kernel: [    1.634309] AppArmor: AppArmor sha1 policy hashing enabled
Aug 19 00:12:30 kali kernel: [    1.634630] rtc_cmos rtc_cmos: setting system clock to 2019-08-19 06:12:28 UTC (1566195148)
Aug 19 00:12:30 kali kernel: [    1.636112] Freeing unused kernel image memory: 1576K
Aug 19 00:12:30 kali kernel: [    1.650126] Write protecting the kernel read-only data: 16384k
Aug 19 00:12:30 kali kernel: [    1.650655] Freeing unused kernel image memory: 2028K
Aug 19 00:12:30 kali kernel: [    1.650868] Freeing unused kernel image memory: 824K
Aug 19 00:12:30 kali kernel: [    1.660935] x86/mm: Checked W+X mappings: passed, no W+X pages found.
Aug 19 00:12:30 kali kernel: [    1.660936] x86/mm: Checking user space page tables
Aug 19 00:12:30 kali kernel: [    1.670766] x86/mm: Checked W+X mappings: passed, no W+X pages found.
Aug 19 00:12:30 kali kernel: [    1.670768] Run /init as init process
Aug 19 00:12:30 kali kernel: [    1.845547] SCSI subsystem initialized
Aug 19 00:12:30 kali kernel: [    1.846398] e1000: Intel(R) PRO/1000 Network Driver - version 7.3.21-k8-NAPI
Aug 19 00:12:30 kali kernel: [    1.846399] e1000: Copyright (c) 1999-2006 Intel Corporation.
Aug 19 00:12:30 kali kernel: [    1.851219] libata version 3.00 loaded.
Aug 19 00:12:30 kali kernel: [    1.854234] ata_piix 0000:00:01.1: version 2.13
Aug 19 00:12:30 kali kernel: [    1.854820] scsi host0: ata_piix
Aug 19 00:12:30 kali kernel: [    1.854938] scsi host1: ata_piix
Aug 19 00:12:30 kali kernel: [    1.854945] ACPI: bus type USB registered
Aug 19 00:12:30 kali kernel: [    1.854966] usbcore: registered new interface driver usbfs
Aug 19 00:12:30 kali kernel: [    1.854975] usbcore: registered new interface driver hub
Aug 19 00:12:30 kali kernel: [    1.854978] ata1: PATA max UDMA/33 cmd 0x1f0 ctl 0x3f6 bmdma 0xd000 irq 14
Aug 19 00:12:30 kali kernel: [    1.854979] ata2: PATA max UDMA/33 cmd 0x170 ctl 0x376 bmdma 0xd008 irq 15
Aug 19 00:12:30 kali kernel: [    1.854991] usbcore: registered new device driver usb
Aug 19 00:12:30 kali kernel: [    1.856592] ehci_hcd: USB 2.0 'Enhanced' Host Controller (EHCI) Driver
Aug 19 00:12:30 kali kernel: [    1.856660] piix4_smbus 0000:00:07.0: SMBus Host Controller at 0x4100, revision 0
Aug 19 00:12:30 kali kernel: [    1.857554] ohci_hcd: USB 1.1 'Open' Host Controller (OHCI) Driver
Aug 19 00:12:30 kali kernel: [    1.860659] ehci-pci: EHCI PCI platform driver
Aug 19 00:12:30 kali kernel: [    1.861199] ohci-pci: OHCI PCI platform driver
Aug 19 00:12:30 kali kernel: [    1.861580] ahci 0000:00:0d.0: version 3.0
Aug 19 00:12:30 kali kernel: [    1.864778] cryptd: max_cpu_qlen set to 1000
Aug 19 00:12:30 kali kernel: [    1.866699] AVX2 version of gcm_enc/dec engaged.
Aug 19 00:12:30 kali kernel: [    1.866700] AES CTR mode by8 optimization enabled
Aug 19 00:12:30 kali kernel: [    1.866787] ahci 0000:00:0d.0: SSS flag set, parallel bus scan disabled
Aug 19 00:12:30 kali kernel: [    1.866863] ohci-pci 0000:00:06.0: OHCI PCI host controller
Aug 19 00:12:30 kali kernel: [    1.866869] ohci-pci 0000:00:06.0: new USB bus registered, assigned bus number 1
Aug 19 00:12:30 kali kernel: [    1.866980] ahci 0000:00:0d.0: AHCI 0001.0100 32 slots 1 ports 3 Gbps 0x1 impl SATA mode
Aug 19 00:12:30 kali kernel: [    1.866982] ohci-pci 0000:00:06.0: irq 22, io mem 0xf1804000
Aug 19 00:12:30 kali kernel: [    1.866984] ahci 0000:00:0d.0: flags: 64bit ncq stag only ccc 
Aug 19 00:12:30 kali kernel: [    1.867560] scsi host2: ahci
Aug 19 00:12:30 kali kernel: [    1.867655] ata3: SATA max UDMA/133 abar m8192@0xf1806000 port 0xf1806100 irq 21
Aug 19 00:12:30 kali kernel: [    1.920376] alg: No test for pcbc(aes) (pcbc-aes-aesni)
Aug 19 00:12:30 kali kernel: [    1.926415] usb usb1: New USB device found, idVendor=1d6b, idProduct=0001, bcdDevice= 4.19
Aug 19 00:12:30 kali kernel: [    1.926417] usb usb1: New USB device strings: Mfr=3, Product=2, SerialNumber=1
Aug 19 00:12:30 kali kernel: [    1.926419] usb usb1: Product: OHCI PCI host controller
Aug 19 00:12:30 kali kernel: [    1.926420] usb usb1: Manufacturer: Linux 4.19.0-kali4-amd64 ohci_hcd
Aug 19 00:12:30 kali kernel: [    1.926421] usb usb1: SerialNumber: 0000:00:06.0
Aug 19 00:12:30 kali kernel: [    1.926600] hub 1-0:1.0: USB hub found
Aug 19 00:12:30 kali kernel: [    1.926678] hub 1-0:1.0: 12 ports detected
Aug 19 00:12:30 kali kernel: [    2.018271] ata2.00: ATAPI: VBOX CD-ROM, 1.0, max UDMA/133
Aug 19 00:12:30 kali kernel: [    2.019222] scsi 1:0:0:0: CD-ROM            VBOX     CD-ROM           1.0  PQ: 0 ANSI: 5
Aug 19 00:12:30 kali kernel: [    2.072417] input: ImExPS/2 Generic Explorer Mouse as /devices/platform/i8042/serio1/input/input2
Aug 19 00:12:30 kali kernel: [    2.182058] ata3: SATA link up 3.0 Gbps (SStatus 123 SControl 300)
Aug 19 00:12:30 kali kernel: [    2.182252] ata3.00: ATA-6: VBOX HARDDISK, 1.0, max UDMA/133
Aug 19 00:12:30 kali kernel: [    2.182254] ata3.00: 67680768 sectors, multi 128: LBA48 NCQ (depth 32)
Aug 19 00:12:30 kali kernel: [    2.182569] ata3.00: configured for UDMA/133
Aug 19 00:12:30 kali kernel: [    2.186472] scsi 2:0:0:0: Direct-Access     ATA      VBOX HARDDISK    1.0  PQ: 0 ANSI: 5
Aug 19 00:12:30 kali kernel: [    2.191305] sd 2:0:0:0: [sda] 67680768 512-byte logical blocks: (34.7 GB/32.3 GiB)
Aug 19 00:12:30 kali kernel: [    2.191310] sd 2:0:0:0: [sda] Write Protect is off
Aug 19 00:12:30 kali kernel: [    2.191312] sd 2:0:0:0: [sda] Mode Sense: 00 3a 00 00
Aug 19 00:12:30 kali kernel: [    2.191319] sd 2:0:0:0: [sda] Write cache: enabled, read cache: enabled, doesn't support DPO or FUA
Aug 19 00:12:30 kali kernel: [    2.195225]  sda: sda1 sda2 < sda5 >
Aug 19 00:12:30 kali kernel: [    2.195454] sd 2:0:0:0: [sda] Attached SCSI disk
Aug 19 00:12:30 kali kernel: [    2.231319] sr 1:0:0:0: [sr0] scsi3-mmc drive: 32x/32x xa/form2 tray
Aug 19 00:12:30 kali kernel: [    2.231321] cdrom: Uniform CD-ROM driver Revision: 3.20
Aug 19 00:12:30 kali kernel: [    2.231496] sr 1:0:0:0: Attached scsi CD-ROM sr0
Aug 19 00:12:30 kali kernel: [    2.260715] e1000 0000:00:03.0 eth0: (PCI:33MHz:32-bit) 08:00:27:c9:0b:01
Aug 19 00:12:30 kali kernel: [    2.260720] e1000 0000:00:03.0 eth0: Intel(R) PRO/1000 Network Connection
Aug 19 00:12:30 kali kernel: [    2.362414] usb 1-1: new full-speed USB device number 2 using ohci-pci
Aug 19 00:12:30 kali kernel: [    2.595232] PM: Image not found (code -22)
Aug 19 00:12:30 kali kernel: [    2.667581] usb 1-1: New USB device found, idVendor=80ee, idProduct=0021, bcdDevice= 1.00
Aug 19 00:12:30 kali kernel: [    2.667583] usb 1-1: New USB device strings: Mfr=1, Product=3, SerialNumber=0
Aug 19 00:12:30 kali kernel: [    2.667585] usb 1-1: Product: USB Tablet
Aug 19 00:12:30 kali kernel: [    2.667586] usb 1-1: Manufacturer: VirtualBox
Aug 19 00:12:30 kali kernel: [    2.687783] hidraw: raw HID events driver (C) Jiri Kosina
Aug 19 00:12:30 kali kernel: [    2.701546] usbcore: registered new interface driver usbhid
Aug 19 00:12:30 kali kernel: [    2.701547] usbhid: USB HID core driver
Aug 19 00:12:30 kali kernel: [    2.707169] input: VirtualBox USB Tablet as /devices/pci0000:00/0000:00:06.0/usb1/1-1/1-1:1.0/0003:80EE:0021.0001/input/input3
Aug 19 00:12:30 kali kernel: [    2.707304] hid-generic 0003:80EE:0021.0001: input,hidraw0: USB HID v1.10 Mouse [VirtualBox USB Tablet] on usb-0000:00:06.0-1/input0
Aug 19 00:12:30 kali kernel: [    2.712066] EXT4-fs (sda1): mounted filesystem with ordered data mode. Opts: (null)
Aug 19 00:12:30 kali kernel: [    3.145752] EXT4-fs (sda1): re-mounted. Opts: errors=remount-ro
Aug 19 00:12:30 kali kernel: [    3.408487] input: Power Button as /devices/LNXSYSTM:00/LNXPWRBN:00/input/input4
Aug 19 00:12:30 kali kernel: [    3.408528] ACPI: Power Button [PWRF]
Aug 19 00:12:30 kali kernel: [    3.408623] input: Sleep Button as /devices/LNXSYSTM:00/LNXSLPBN:00/input/input5
Aug 19 00:12:30 kali kernel: [    3.408631] ACPI: Sleep Button [SLPF]
Aug 19 00:12:30 kali kernel: [    3.417799] vboxguest: host-version: 6.0.10r132072 0x8000000f
Aug 19 00:12:30 kali kernel: [    3.430571] vbg_heartbeat_init: Setting up heartbeat to trigger every 2000 milliseconds
Aug 19 00:12:30 kali kernel: [    3.433626] input: VirtualBox mouse integration as /devices/pci0000:00/0000:00:04.0/input/input6
Aug 19 00:12:30 kali kernel: [    3.436652] battery: ACPI: Battery Slot [BAT0] (battery present)
Aug 19 00:12:30 kali kernel: [    3.445297] vboxguest: misc device minor 58, IRQ 20, I/O port d040, MMIO at 0x00000000f1400000 (size 0x0000000000400000)
Aug 19 00:12:30 kali kernel: [    3.467603] ACPI: Video Device [GFX0] (multi-head: yes  rom: no  post: no)
Aug 19 00:12:30 kali kernel: [    3.467670] input: Video Bus as /devices/LNXSYSTM:00/LNXSYBUS:00/PNP0A03:00/LNXVIDEO:00/input/input7
Aug 19 00:12:30 kali kernel: [    3.468653] input: PC Speaker as /devices/platform/pcspkr/input/input8
Aug 19 00:12:30 kali kernel: [    3.468925] ACPI: AC Adapter [AC] (on-line)
Aug 19 00:12:30 kali kernel: [    3.470369] sr 1:0:0:0: Attached scsi generic sg0 type 5
Aug 19 00:12:30 kali kernel: [    3.470403] sd 2:0:0:0: Attached scsi generic sg1 type 0
Aug 19 00:12:30 kali kernel: [    3.499238] RAPL PMU: API unit is 2^-32 Joules, 5 fixed counters, 10737418240 ms ovfl timer
Aug 19 00:12:30 kali kernel: [    3.499239] RAPL PMU: hw unit of domain pp0-core 2^-0 Joules
Aug 19 00:12:30 kali kernel: [    3.499240] RAPL PMU: hw unit of domain package 2^-0 Joules
Aug 19 00:12:30 kali kernel: [    3.499240] RAPL PMU: hw unit of domain dram 2^-0 Joules
Aug 19 00:12:30 kali kernel: [    3.499241] RAPL PMU: hw unit of domain pp1-gpu 2^-0 Joules
Aug 19 00:12:30 kali kernel: [    3.499242] RAPL PMU: hw unit of domain psys 2^-0 Joules
Aug 19 00:12:30 kali kernel: [    3.610360] [drm] DMA map mode: Using physical TTM page addresses.
Aug 19 00:12:30 kali kernel: [    3.610490] [drm] Capabilities:
Aug 19 00:12:30 kali kernel: [    3.610491] [drm]   Cursor.
Aug 19 00:12:30 kali kernel: [    3.610491] [drm]   Cursor bypass 2.
Aug 19 00:12:30 kali kernel: [    3.610492] [drm]   Alpha cursor.
Aug 19 00:12:30 kali kernel: [    3.610492] [drm]   3D.
Aug 19 00:12:30 kali kernel: [    3.610493] [drm]   Extended Fifo.
Aug 19 00:12:30 kali kernel: [    3.610493] [drm]   Pitchlock.
Aug 19 00:12:30 kali kernel: [    3.610494] [drm]   Irq mask.
Aug 19 00:12:30 kali kernel: [    3.610494] [drm]   GMR.
Aug 19 00:12:30 kali kernel: [    3.610494] [drm]   Traces.
Aug 19 00:12:30 kali kernel: [    3.610495] [drm]   GMR2.
Aug 19 00:12:30 kali kernel: [    3.610495] [drm]   Screen Object 2.
Aug 19 00:12:30 kali kernel: [    3.610497] [drm] Max GMR ids is 8192
Aug 19 00:12:30 kali kernel: [    3.610497] [drm] Max number of GMR pages is 1048576
Aug 19 00:12:30 kali kernel: [    3.610498] [drm] Max dedicated hypervisor surface memory is 507904 kiB
Aug 19 00:12:30 kali kernel: [    3.610498] [drm] Maximum display memory size is 16384 kiB
Aug 19 00:12:30 kali kernel: [    3.610499] [drm] VRAM at 0xf0000000 size is 16384 kiB
Aug 19 00:12:30 kali kernel: [    3.610500] [drm] MMIO at 0xf1000000 size is 2048 kiB
Aug 19 00:12:30 kali kernel: [    3.610652] [drm] global init.
Aug 19 00:12:30 kali kernel: [    3.614035] [TTM] Zone  kernel: Available graphics memory: 2020784 kiB
Aug 19 00:12:30 kali kernel: [    3.614037] [TTM] Initializing pool allocator
Aug 19 00:12:30 kali kernel: [    3.614041] [TTM] Initializing DMA pool allocator
Aug 19 00:12:30 kali kernel: [    3.635280] [drm] Supports vblank timestamp caching Rev 2 (21.10.2013).
Aug 19 00:12:30 kali kernel: [    3.635281] [drm] No driver support for vblank timestamp query.
Aug 19 00:12:30 kali kernel: [    3.636499] [drm] Screen Objects Display Unit initialized
Aug 19 00:12:30 kali kernel: [    3.636560] [drm] width 720
Aug 19 00:12:30 kali kernel: [    3.636573] [drm] height 400
Aug 19 00:12:30 kali kernel: [    3.636585] [drm] bpp 32
Aug 19 00:12:30 kali kernel: [    3.636862] [drm] Fifo max 0x00200000 min 0x00001000 cap 0x00000355
Aug 19 00:12:30 kali kernel: [    3.636872] [drm] DX: no.
Aug 19 00:12:30 kali kernel: [    3.636873] [drm] Atomic: yes.
Aug 19 00:12:30 kali kernel: [    3.636874] [drm] SM4_1: no.
Aug 19 00:12:30 kali kernel: [    3.636890] [drm:vmw_host_log [vmwgfx]] *ERROR* Failed to send host log message.
Aug 19 00:12:30 kali kernel: [    3.638711] [drm:vmw_host_log [vmwgfx]] *ERROR* Failed to send host log message.
Aug 19 00:12:30 kali kernel: [    3.644160] fbcon: svgadrmfb (fb0) is primary device
Aug 19 00:12:30 kali kernel: [    3.649801] Console: switching to colour frame buffer device 100x37
Aug 19 00:12:30 kali kernel: [    3.652230] [drm] Initialized vmwgfx 2.15.0 20180704 for 0000:00:02.0 on minor 0
Aug 19 00:12:30 kali kernel: [    3.804024] snd_intel8x0 0000:00:05.0: white list rate for 1028:0177 is 48000
Aug 19 00:12:30 kali kernel: [    3.857364] Adding 4192252k swap on /dev/sda5.  Priority:-2 extents:1 across:4192252k FS
Aug 19 00:12:31 kali kernel: [    4.355800] IPv6: ADDRCONF(NETDEV_UP): eth0: link is not ready
Aug 19 00:12:31 kali kernel: [    4.358672] IPv6: ADDRCONF(NETDEV_UP): eth0: link is not ready
Aug 19 00:12:31 kali kernel: [    4.365959] e1000: eth0 NIC Link is Up 1000 Mbps Full Duplex, Flow Control: RX
Aug 19 00:12:31 kali kernel: [    4.366416] IPv6: ADDRCONF(NETDEV_CHANGE): eth0: link becomes ready
Aug 19 00:12:32 kali kernel: [    5.518841] fuse init (API version 7.27)
Aug 19 01:45:48 kali kernel: [ 5601.360038] audit: type=1400 audit(1566200748.220:2): apparmor="STATUS" operation="profile_load" profile="unconfined" name="lsb_release" pid=26848 comm="apparmor_parser"
Aug 19 01:45:48 kali kernel: [ 5601.480174] audit: type=1400 audit(1566200748.340:3): apparmor="STATUS" operation="profile_load" profile="unconfined" name="nvidia_modprobe" pid=26851 comm="apparmor_parser"
Aug 19 01:45:48 kali kernel: [ 5601.480553] audit: type=1400 audit(1566200748.340:4): apparmor="STATUS" operation="profile_load" profile="unconfined" name="nvidia_modprobe//kmod" pid=26851 comm="apparmor_parser"
Aug 19 01:45:49 kali kernel: [ 5602.375071] audit: type=1400 audit(1566200749.236:5): apparmor="STATUS" operation="profile_replace" profile="unconfined" name="nvidia_modprobe" pid=26929 comm="apparmor_parser"
Aug 19 01:45:49 kali kernel: [ 5602.386199] audit: type=1400 audit(1566200749.248:6): apparmor="STATUS" operation="profile_replace" profile="unconfined" name="nvidia_modprobe//kmod" pid=26929 comm="apparmor_parser"
Aug 19 01:45:49 kali kernel: [ 5602.563565] audit: type=1400 audit(1566200749.424:7): apparmor="STATUS" operation="profile_load" profile="unconfined" name="/usr/bin/man" pid=26930 comm="apparmor_parser"
Aug 19 01:45:49 kali kernel: [ 5602.563881] audit: type=1400 audit(1566200749.424:8): apparmor="STATUS" operation="profile_load" profile="unconfined" name="man_filter" pid=26930 comm="apparmor_parser"
Aug 19 01:45:49 kali kernel: [ 5602.564166] audit: type=1400 audit(1566200749.424:9): apparmor="STATUS" operation="profile_load" profile="unconfined" name="man_groff" pid=26930 comm="apparmor_parser"
Aug 19 01:45:49 kali kernel: [ 5602.769360] audit: type=1400 audit(1566200749.628:10): apparmor="STATUS" operation="profile_load" profile="unconfined" name="/usr/sbin/tcpdump" pid=26931 comm="apparmor_parser"
Aug 19 01:45:49 kali kernel: [ 5602.779306] audit: type=1400 audit(1566200749.640:11): apparmor="STATUS" operation="profile_replace" info="same as current profile, skipping" profile="unconfined" name="lsb_release" pid=26937 comm="apparmor_parser"
Aug 19 01:45:54 kali kernel: [ 5607.219222] kauditd_printk_skb: 2 callbacks suppressed
Aug 19 01:45:54 kali kernel: [ 5607.219223] audit: type=1400 audit(1566200754.080:14): apparmor="STATUS" operation="profile_load" profile="unconfined" name="/usr/bin/evince" pid=26938 comm="apparmor_parser"
Aug 19 01:45:54 kali kernel: [ 5607.219863] audit: type=1400 audit(1566200754.080:15): apparmor="STATUS" operation="profile_load" profile="unconfined" name="/usr/bin/evince//sanitized_helper" pid=26938 comm="apparmor_parser"
Aug 19 01:45:54 kali kernel: [ 5607.221013] audit: type=1400 audit(1566200754.080:16): apparmor="STATUS" operation="profile_load" profile="unconfined" name="/usr/bin/evince-previewer" pid=26938 comm="apparmor_parser"
Aug 19 01:45:54 kali kernel: [ 5607.221386] audit: type=1400 audit(1566200754.080:17): apparmor="STATUS" operation="profile_load" profile="unconfined" name="/usr/bin/evince-previewer//sanitized_helper" pid=26938 comm="apparmor_parser"
Aug 19 01:45:54 kali kernel: [ 5607.222704] audit: type=1400 audit(1566200754.084:18): apparmor="STATUS" operation="profile_load" profile="unconfined" name="/usr/bin/evince-thumbnailer" pid=26938 comm="apparmor_parser"
Aug 19 01:46:33 kali kernel: [ 5646.859456] audit: type=1400 audit(1566200793.720:19): apparmor="STATUS" operation="profile_replace" profile="unconfined" name="/usr/sbin/haveged" pid=32666 comm="apparmor_parser"
Aug 19 01:47:47 kali kernel: [ 5720.530425] audit: type=1400 audit(1566200867.392:20): apparmor="STATUS" operation="profile_replace" info="same as current profile, skipping" profile="unconfined" name="/usr/bin/man" pid=18689 comm="apparmor_parser"
Aug 19 01:47:47 kali kernel: [ 5720.530660] audit: type=1400 audit(1566200867.392:21): apparmor="STATUS" operation="profile_replace" info="same as current profile, skipping" profile="unconfined" name="man_filter" pid=18689 comm="apparmor_parser"
Aug 19 01:47:47 kali kernel: [ 5720.530662] audit: type=1400 audit(1566200867.392:22): apparmor="STATUS" operation="profile_replace" info="same as current profile, skipping" profile="unconfined" name="man_groff" pid=18689 comm="apparmor_parser"
Aug 19 01:47:53 kali kernel: [ 5726.339886] audit: type=1400 audit(1566200873.200:23): apparmor="STATUS" operation="profile_replace" profile="unconfined" name="/usr/sbin/ntpd" pid=19107 comm="apparmor_parser"
Aug 19 02:01:39 kali kernel: [ 6552.177555] ISO 9660 Extensions: Microsoft Joliet Level 3
Aug 19 02:01:39 kali kernel: [ 6552.182197] ISO 9660 Extensions: RRIP_1991A
Aug 19 02:06:38 kali kernel: [ 6851.835877] VFS: busy inodes on changed media or resized disk sr0
Aug 19 02:10:54 kali kernel: [    0.000000] Linux version 4.19.0-kali4-amd64 (devel@kali.org) (gcc version 8.3.0 (Debian 8.3.0-2)) #1 SMP Debian 4.19.28-2kali1 (2019-03-18)
Aug 19 02:10:54 kali kernel: [    0.000000] Command line: BOOT_IMAGE=/boot/vmlinuz-4.19.0-kali4-amd64 root=UUID=ef52d465-e451-41cf-b06a-80bdb2190af9 ro initrd=/install/gtk/initrd.gz quiet
Aug 19 02:10:54 kali kernel: [    0.000000] x86/fpu: Supporting XSAVE feature 0x001: 'x87 floating point registers'
Aug 19 02:10:54 kali kernel: [    0.000000] x86/fpu: Supporting XSAVE feature 0x002: 'SSE registers'
Aug 19 02:10:54 kali kernel: [    0.000000] x86/fpu: Supporting XSAVE feature 0x004: 'AVX registers'
Aug 19 02:10:54 kali kernel: [    0.000000] x86/fpu: xstate_offset[2]:  576, xstate_sizes[2]:  256
Aug 19 02:10:54 kali kernel: [    0.000000] x86/fpu: Enabled xstate features 0x7, context size is 832 bytes, using 'standard' format.
Aug 19 02:10:54 kali kernel: [    0.000000] BIOS-provided physical RAM map:
Aug 19 02:10:54 kali kernel: [    0.000000] BIOS-e820: [mem 0x0000000000000000-0x000000000009fbff] usable
Aug 19 02:10:54 kali kernel: [    0.000000] BIOS-e820: [mem 0x000000000009fc00-0x000000000009ffff] reserved
Aug 19 02:10:54 kali kernel: [    0.000000] BIOS-e820: [mem 0x00000000000f0000-0x00000000000fffff] reserved
Aug 19 02:10:54 kali kernel: [    0.000000] BIOS-e820: [mem 0x0000000000100000-0x00000000dffeffff] usable
Aug 19 02:10:54 kali kernel: [    0.000000] BIOS-e820: [mem 0x00000000dfff0000-0x00000000dfffffff] ACPI data
Aug 19 02:10:54 kali kernel: [    0.000000] BIOS-e820: [mem 0x00000000fec00000-0x00000000fec00fff] reserved
Aug 19 02:10:54 kali kernel: [    0.000000] BIOS-e820: [mem 0x00000000fee00000-0x00000000fee00fff] reserved
Aug 19 02:10:54 kali kernel: [    0.000000] BIOS-e820: [mem 0x00000000fffc0000-0x00000000ffffffff] reserved
Aug 19 02:10:54 kali kernel: [    0.000000] BIOS-e820: [mem 0x0000000100000000-0x000000011fffffff] usable
Aug 19 02:10:54 kali kernel: [    0.000000] NX (Execute Disable) protection: active
Aug 19 02:10:54 kali kernel: [    0.000000] SMBIOS 2.5 present.
Aug 19 02:10:54 kali kernel: [    0.000000] DMI: innotek GmbH VirtualBox/VirtualBox, BIOS VirtualBox 12/01/2006
Aug 19 02:10:54 kali kernel: [    0.000000] Hypervisor detected: KVM
Aug 19 02:10:54 kali kernel: [    0.000000] kvm-clock: Using msrs 4b564d01 and 4b564d00
Aug 19 02:10:54 kali kernel: [    0.000000] kvm-clock: cpu 0, msr b01dd001, primary cpu clock
Aug 19 02:10:54 kali kernel: [    0.000000] kvm-clock: using sched offset of 8030916834521 cycles
Aug 19 02:10:54 kali kernel: [    0.000016] clocksource: kvm-clock: mask: 0xffffffffffffffff max_cycles: 0x1cd42e4dffb, max_idle_ns: 881590591483 ns
Aug 19 02:10:54 kali kernel: [    0.000018] tsc: Detected 2808.004 MHz processor
Aug 19 02:10:54 kali kernel: [    0.003630] e820: update [mem 0x00000000-0x00000fff] usable ==> reserved
Aug 19 02:10:54 kali kernel: [    0.003635] e820: remove [mem 0x000a0000-0x000fffff] usable
Aug 19 02:10:54 kali kernel: [    0.003641] last_pfn = 0x120000 max_arch_pfn = 0x400000000
Aug 19 02:10:54 kali kernel: [    0.003651] MTRR default type: uncachable
Aug 19 02:10:54 kali kernel: [    0.003652] MTRR variable ranges disabled:
Aug 19 02:10:54 kali kernel: [    0.003654] Disabled
Aug 19 02:10:54 kali kernel: [    0.003655] x86/PAT: MTRRs disabled, skipping PAT initialization too.
Aug 19 02:10:54 kali kernel: [    0.003658] CPU MTRRs all blank - virtualized system.
Aug 19 02:10:54 kali kernel: [    0.003660] x86/PAT: Configuration [0-7]: WB  WT  UC- UC  WB  WT  UC- UC  
Aug 19 02:10:54 kali kernel: [    0.003664] last_pfn = 0xdfff0 max_arch_pfn = 0x400000000
Aug 19 02:10:54 kali kernel: [    0.120264] Base memory trampoline at [(____ptrval____)] 99000 size 24576
Aug 19 02:10:54 kali kernel: [    0.120291] BRK [0xb0401000, 0xb0401fff] PGTABLE
Aug 19 02:10:54 kali kernel: [    0.120293] BRK [0xb0402000, 0xb0402fff] PGTABLE
Aug 19 02:10:54 kali kernel: [    0.120295] BRK [0xb0403000, 0xb0403fff] PGTABLE
Aug 19 02:10:54 kali kernel: [    0.120333] BRK [0xb0404000, 0xb0404fff] PGTABLE
Aug 19 02:10:54 kali kernel: [    0.120335] BRK [0xb0405000, 0xb0405fff] PGTABLE
Aug 19 02:10:54 kali kernel: [    0.120609] RAMDISK: [mem 0x32e7d000-0x35735fff]
Aug 19 02:10:54 kali kernel: [    0.120619] ACPI: Early table checksum verification disabled
Aug 19 02:10:54 kali kernel: [    0.120640] ACPI: RSDP 0x00000000000E0000 000024 (v02 VBOX  )
Aug 19 02:10:54 kali kernel: [    0.120644] ACPI: XSDT 0x00000000DFFF0030 00003C (v01 VBOX   VBOXXSDT 00000001 ASL  00000061)
Aug 19 02:10:54 kali kernel: [    0.120651] ACPI: FACP 0x00000000DFFF00F0 0000F4 (v04 VBOX   VBOXFACP 00000001 ASL  00000061)
Aug 19 02:10:54 kali kernel: [    0.120657] ACPI: DSDT 0x00000000DFFF0470 0022EA (v02 VBOX   VBOXBIOS 00000002 INTL 20100528)
Aug 19 02:10:54 kali kernel: [    0.120661] ACPI: FACS 0x00000000DFFF0200 000040
Aug 19 02:10:54 kali kernel: [    0.120667] ACPI: FACS 0x00000000DFFF0200 000040
Aug 19 02:10:54 kali kernel: [    0.120672] ACPI: APIC 0x00000000DFFF0240 00005C (v02 VBOX   VBOXAPIC 00000001 ASL  00000061)
Aug 19 02:10:54 kali kernel: [    0.120676] ACPI: SSDT 0x00000000DFFF02A0 0001CC (v01 VBOX   VBOXCPUT 00000002 INTL 20100528)
Aug 19 02:10:54 kali kernel: [    0.120686] ACPI: Local APIC address 0xfee00000
Aug 19 02:10:54 kali kernel: [    0.120938] No NUMA configuration found
Aug 19 02:10:54 kali kernel: [    0.120940] Faking a node at [mem 0x0000000000000000-0x000000011fffffff]
Aug 19 02:10:54 kali kernel: [    0.120944] NODE_DATA(0) allocated [mem 0x11fff7000-0x11fffbfff]
Aug 19 02:10:54 kali kernel: [    0.120972] Zone ranges:
Aug 19 02:10:54 kali kernel: [    0.120973]   DMA      [mem 0x0000000000001000-0x0000000000ffffff]
Aug 19 02:10:54 kali kernel: [    0.120976]   DMA32    [mem 0x0000000001000000-0x00000000ffffffff]
Aug 19 02:10:54 kali kernel: [    0.120979]   Normal   [mem 0x0000000100000000-0x000000011fffffff]
Aug 19 02:10:54 kali kernel: [    0.120982]   Device   empty
Aug 19 02:10:54 kali kernel: [    0.120983] Movable zone start for each node
Aug 19 02:10:54 kali kernel: [    0.120984] Early memory node ranges
Aug 19 02:10:54 kali kernel: [    0.120986]   node   0: [mem 0x0000000000001000-0x000000000009efff]
Aug 19 02:10:54 kali kernel: [    0.120988]   node   0: [mem 0x0000000000100000-0x00000000dffeffff]
Aug 19 02:10:54 kali kernel: [    0.120989]   node   0: [mem 0x0000000100000000-0x000000011fffffff]
Aug 19 02:10:54 kali kernel: [    0.120994] Reserved but unavailable: 98 pages
Aug 19 02:10:54 kali kernel: [    0.120996] Initmem setup node 0 [mem 0x0000000000001000-0x000000011fffffff]
Aug 19 02:10:54 kali kernel: [    0.120998] On node 0 totalpages: 1048462
Aug 19 02:10:54 kali kernel: [    0.120999]   DMA zone: 64 pages used for memmap
Aug 19 02:10:54 kali kernel: [    0.121000]   DMA zone: 21 pages reserved
Aug 19 02:10:54 kali kernel: [    0.121002]   DMA zone: 3998 pages, LIFO batch:0
Aug 19 02:10:54 kali kernel: [    0.121083]   DMA32 zone: 14272 pages used for memmap
Aug 19 02:10:54 kali kernel: [    0.121084]   DMA32 zone: 913392 pages, LIFO batch:63
Aug 19 02:10:54 kali kernel: [    0.140706]   Normal zone: 2048 pages used for memmap
Aug 19 02:10:54 kali kernel: [    0.140708]   Normal zone: 131072 pages, LIFO batch:31
Aug 19 02:10:54 kali kernel: [    0.143753] ACPI: PM-Timer IO Port: 0x4008
Aug 19 02:10:54 kali kernel: [    0.143756] ACPI: Local APIC address 0xfee00000
Aug 19 02:10:54 kali kernel: [    0.143907] IOAPIC[0]: apic_id 2, version 32, address 0xfec00000, GSI 0-23
Aug 19 02:10:54 kali kernel: [    0.143910] ACPI: INT_SRC_OVR (bus 0 bus_irq 0 global_irq 2 dfl dfl)
Aug 19 02:10:54 kali kernel: [    0.143911] ACPI: INT_SRC_OVR (bus 0 bus_irq 9 global_irq 9 low level)
Aug 19 02:10:54 kali kernel: [    0.143913] ACPI: IRQ0 used by override.
Aug 19 02:10:54 kali kernel: [    0.143914] ACPI: IRQ9 used by override.
Aug 19 02:10:54 kali kernel: [    0.143916] Using ACPI (MADT) for SMP configuration information
Aug 19 02:10:54 kali kernel: [    0.143923] smpboot: Allowing 2 CPUs, 0 hotplug CPUs
Aug 19 02:10:54 kali kernel: [    0.143945] PM: Registered nosave memory: [mem 0x00000000-0x00000fff]
Aug 19 02:10:54 kali kernel: [    0.143947] PM: Registered nosave memory: [mem 0x0009f000-0x0009ffff]
Aug 19 02:10:54 kali kernel: [    0.143949] PM: Registered nosave memory: [mem 0x000a0000-0x000effff]
Aug 19 02:10:54 kali kernel: [    0.143951] PM: Registered nosave memory: [mem 0x000f0000-0x000fffff]
Aug 19 02:10:54 kali kernel: [    0.143953] PM: Registered nosave memory: [mem 0xdfff0000-0xdfffffff]
Aug 19 02:10:54 kali kernel: [    0.143955] PM: Registered nosave memory: [mem 0xe0000000-0xfebfffff]
Aug 19 02:10:54 kali kernel: [    0.143956] PM: Registered nosave memory: [mem 0xfec00000-0xfec00fff]
Aug 19 02:10:54 kali kernel: [    0.143958] PM: Registered nosave memory: [mem 0xfec01000-0xfedfffff]
Aug 19 02:10:54 kali kernel: [    0.143960] PM: Registered nosave memory: [mem 0xfee00000-0xfee00fff]
Aug 19 02:10:54 kali kernel: [    0.143962] PM: Registered nosave memory: [mem 0xfee01000-0xfffbffff]
Aug 19 02:10:54 kali kernel: [    0.143963] PM: Registered nosave memory: [mem 0xfffc0000-0xffffffff]
Aug 19 02:10:54 kali kernel: [    0.143966] [mem 0xe0000000-0xfebfffff] available for PCI devices
Aug 19 02:10:54 kali kernel: [    0.143967] Booting paravirtualized kernel on KVM
Aug 19 02:10:54 kali kernel: [    0.143971] clocksource: refined-jiffies: mask: 0xffffffff max_cycles: 0xffffffff, max_idle_ns: 7645519600211568 ns
Aug 19 02:10:54 kali kernel: [    0.376637] random: get_random_bytes called from start_kernel+0x93/0x531 with crng_init=0
Aug 19 02:10:54 kali kernel: [    0.376644] setup_percpu: NR_CPUS:512 nr_cpumask_bits:512 nr_cpu_ids:2 nr_node_ids:1
Aug 19 02:10:54 kali kernel: [    0.376733] percpu: Embedded 44 pages/cpu @(____ptrval____) s143192 r8192 d28840 u1048576
Aug 19 02:10:54 kali kernel: [    0.376738] pcpu-alloc: s143192 r8192 d28840 u1048576 alloc=1*2097152
Aug 19 02:10:54 kali kernel: [    0.376739] pcpu-alloc: [0] 0 1 
Aug 19 02:10:54 kali kernel: [    0.376763] PV qspinlock hash table entries: 256 (order: 0, 4096 bytes)
Aug 19 02:10:54 kali kernel: [    0.376768] Built 1 zonelists, mobility grouping on.  Total pages: 1032057
Aug 19 02:10:54 kali kernel: [    0.376769] Policy zone: Normal
Aug 19 02:10:54 kali kernel: [    0.376771] Kernel command line: BOOT_IMAGE=/boot/vmlinuz-4.19.0-kali4-amd64 root=UUID=ef52d465-e451-41cf-b06a-80bdb2190af9 ro initrd=/install/gtk/initrd.gz quiet
Aug 19 02:10:54 kali kernel: [    0.384645] Calgary: detecting Calgary via BIOS EBDA area
Aug 19 02:10:54 kali kernel: [    0.384648] Calgary: Unable to locate Rio Grande table in EBDA - bailing!
Aug 19 02:10:54 kali kernel: [    0.397808] Memory: 3995416K/4193848K available (10252K kernel code, 1240K rwdata, 3272K rodata, 1576K init, 2308K bss, 198432K reserved, 0K cma-reserved)
Aug 19 02:10:54 kali kernel: [    0.398212] SLUB: HWalign=64, Order=0-3, MinObjects=0, CPUs=2, Nodes=1
Aug 19 02:10:54 kali kernel: [    0.398222] Kernel/User page tables isolation: enabled
Aug 19 02:10:54 kali kernel: [    0.398255] ftrace: allocating 31773 entries in 125 pages
Aug 19 02:10:54 kali kernel: [    0.419454] rcu: Hierarchical RCU implementation.
Aug 19 02:10:54 kali kernel: [    0.419456] rcu: 	RCU restricting CPUs from NR_CPUS=512 to nr_cpu_ids=2.
Aug 19 02:10:54 kali kernel: [    0.419457] rcu: Adjusting geometry for rcu_fanout_leaf=16, nr_cpu_ids=2
Aug 19 02:10:54 kali kernel: [    0.422824] NR_IRQS: 33024, nr_irqs: 440, preallocated irqs: 16
Aug 19 02:10:54 kali kernel: [    0.435705] Console: colour VGA+ 80x25
Aug 19 02:10:54 kali kernel: [    0.435709] console [tty0] enabled
Aug 19 02:10:54 kali kernel: [    0.435725] ACPI: Core revision 20180810
Aug 19 02:10:54 kali kernel: [    0.435814] APIC: Switch to symmetric I/O mode setup
Aug 19 02:10:54 kali kernel: [    0.436115] x2apic enabled
Aug 19 02:10:54 kali kernel: [    0.436412] Switched APIC routing to physical x2apic.
Aug 19 02:10:54 kali kernel: [    0.437736] ..TIMER: vector=0x30 apic1=0 pin1=2 apic2=-1 pin2=-1
Aug 19 02:10:54 kali kernel: [    0.437763] clocksource: tsc-early: mask: 0xffffffffffffffff max_cycles: 0x2879c989f7e, max_idle_ns: 440795237972 ns
Aug 19 02:10:54 kali kernel: [    0.437778] Calibrating delay loop (skipped) preset value.. 5616.00 BogoMIPS (lpj=11232016)
Aug 19 02:10:54 kali kernel: [    0.437781] pid_max: default: 32768 minimum: 301
Aug 19 02:10:54 kali kernel: [    0.437805] Security Framework initialized
Aug 19 02:10:54 kali kernel: [    0.437806] Yama: disabled by default; enable with sysctl kernel.yama.*
Aug 19 02:10:54 kali kernel: [    0.437820] AppArmor: AppArmor initialized
Aug 19 02:10:54 kali kernel: [    0.438695] Dentry cache hash table entries: 524288 (order: 10, 4194304 bytes)
Aug 19 02:10:54 kali kernel: [    0.439084] Inode-cache hash table entries: 262144 (order: 9, 2097152 bytes)
Aug 19 02:10:54 kali kernel: [    0.439099] Mount-cache hash table entries: 8192 (order: 4, 65536 bytes)
Aug 19 02:10:54 kali kernel: [    0.439104] Mountpoint-cache hash table entries: 8192 (order: 4, 65536 bytes)
Aug 19 02:10:54 kali kernel: [    0.439360] mce: CPU supports 0 MCE banks
Aug 19 02:10:54 kali kernel: [    0.439389] Last level iTLB entries: 4KB 64, 2MB 8, 4MB 8
Aug 19 02:10:54 kali kernel: [    0.439390] Last level dTLB entries: 4KB 64, 2MB 0, 4MB 0, 1GB 4
Aug 19 02:10:54 kali kernel: [    0.439391] Spectre V2 : Mitigation: Full generic retpoline
Aug 19 02:10:54 kali kernel: [    0.439392] Spectre V2 : Spectre v2 / SpectreRSB mitigation: Filling RSB on context switch
Aug 19 02:10:54 kali kernel: [    0.439393] Speculative Store Bypass: Vulnerable
Aug 19 02:10:54 kali kernel: [    0.439549] Freeing SMP alternatives memory: 24K
Aug 19 02:10:54 kali kernel: [    0.445764] APIC calibration not consistent with PM-Timer: 98ms instead of 100ms
Aug 19 02:10:54 kali kernel: [    0.445764] APIC delta adjusted to PM-Timer: 6246900 (6160009)
Aug 19 02:10:54 kali kernel: [    0.445764] smpboot: CPU0: Intel(R) Core(TM) i7-7700HQ CPU @ 2.80GHz (family: 0x6, model: 0x9e, stepping: 0x9)
Aug 19 02:10:54 kali kernel: [    0.445764] Performance Events: unsupported p6 CPU model 158 no PMU driver, software events only.
Aug 19 02:10:54 kali kernel: [    0.445764] rcu: Hierarchical SRCU implementation.
Aug 19 02:10:54 kali kernel: [    0.445764] random: crng done (trusting CPU's manufacturer)
Aug 19 02:10:54 kali kernel: [    0.445764] NMI watchdog: Perf NMI watchdog permanently disabled
Aug 19 02:10:54 kali kernel: [    0.445764] smp: Bringing up secondary CPUs ...
Aug 19 02:10:54 kali kernel: [    0.445764] x86: Booting SMP configuration:
Aug 19 02:10:54 kali kernel: [    0.445764] .... node  #0, CPUs:      #1
Aug 19 02:10:54 kali kernel: [    0.018648] kvm-clock: cpu 1, msr b01dd041, secondary cpu clock
Aug 19 02:10:54 kali kernel: [    0.018648] mce: CPU supports 0 MCE banks
Aug 19 02:10:54 kali kernel: [    0.445787] smp: Brought up 1 node, 2 CPUs
Aug 19 02:10:54 kali kernel: [    0.445787] smpboot: Max logical packages: 1
Aug 19 02:10:54 kali kernel: [    0.445787] smpboot: Total of 2 processors activated (11232.01 BogoMIPS)
Aug 19 02:10:54 kali kernel: [    0.445956] devtmpfs: initialized
Aug 19 02:10:54 kali kernel: [    0.445956] x86/mm: Memory block size: 128MB
Aug 19 02:10:54 kali kernel: [    0.446128] clocksource: jiffies: mask: 0xffffffff max_cycles: 0xffffffff, max_idle_ns: 7645041785100000 ns
Aug 19 02:10:54 kali kernel: [    0.446128] futex hash table entries: 512 (order: 3, 32768 bytes)
Aug 19 02:10:54 kali kernel: [    0.446128] pinctrl core: initialized pinctrl subsystem
Aug 19 02:10:54 kali kernel: [    0.446128] NET: Registered protocol family 16
Aug 19 02:10:54 kali kernel: [    0.446165] audit: initializing netlink subsys (disabled)
Aug 19 02:10:54 kali kernel: [    0.446182] audit: type=2000 audit(1566210283.063:1): state=initialized audit_enabled=0 res=1
Aug 19 02:10:54 kali kernel: [    0.446182] cpuidle: using governor ladder
Aug 19 02:10:54 kali kernel: [    0.446182] cpuidle: using governor menu
Aug 19 02:10:54 kali kernel: [    0.446182] ACPI: bus type PCI registered
Aug 19 02:10:54 kali kernel: [    0.446182] acpiphp: ACPI Hot Plug PCI Controller Driver version: 0.5
Aug 19 02:10:54 kali kernel: [    0.446182] PCI: Using configuration type 1 for base access
Aug 19 02:10:54 kali kernel: [    0.449778] HugeTLB registered 2.00 MiB page size, pre-allocated 0 pages
Aug 19 02:10:54 kali kernel: [    0.449831] ACPI: Added _OSI(Module Device)
Aug 19 02:10:54 kali kernel: [    0.449831] ACPI: Added _OSI(Processor Device)
Aug 19 02:10:54 kali kernel: [    0.449832] ACPI: Added _OSI(3.0 _SCP Extensions)
Aug 19 02:10:54 kali kernel: [    0.449833] ACPI: Added _OSI(Processor Aggregator Device)
Aug 19 02:10:54 kali kernel: [    0.449834] ACPI: Added _OSI(Linux-Dell-Video)
Aug 19 02:10:54 kali kernel: [    0.449834] ACPI: Added _OSI(Linux-Lenovo-NV-HDMI-Audio)
Aug 19 02:10:54 kali kernel: [    0.451237] ACPI: 2 ACPI AML tables successfully acquired and loaded
Aug 19 02:10:54 kali kernel: [    0.452599] ACPI: Interpreter enabled
Aug 19 02:10:54 kali kernel: [    0.452607] ACPI: (supports S0 S5)
Aug 19 02:10:54 kali kernel: [    0.452607] ACPI: Using IOAPIC for interrupt routing
Aug 19 02:10:54 kali kernel: [    0.452753] PCI: Using host bridge windows from ACPI; if necessary, use "pci=nocrs" and report a bug
Aug 19 02:10:54 kali kernel: [    0.452848] ACPI: Enabled 2 GPEs in block 00 to 07
Aug 19 02:10:54 kali kernel: [    0.457124] ACPI: PCI Root Bridge [PCI0] (domain 0000 [bus 00-ff])
Aug 19 02:10:54 kali kernel: [    0.457127] acpi PNP0A03:00: _OSC: OS supports [ASPM ClockPM Segments MSI]
Aug 19 02:10:54 kali kernel: [    0.457482] acpi PNP0A03:00: _OSC: not requesting OS control; OS requires [ExtendedConfig ASPM ClockPM MSI]
Aug 19 02:10:54 kali kernel: [    0.457487] acpi PNP0A03:00: fail to add MMCONFIG information, can't access extended PCI configuration space under this bridge.
Aug 19 02:10:54 kali kernel: [    0.457756] PCI host bridge to bus 0000:00
Aug 19 02:10:54 kali kernel: [    0.457758] pci_bus 0000:00: root bus resource [io  0x0000-0x0cf7 window]
Aug 19 02:10:54 kali kernel: [    0.457759] pci_bus 0000:00: root bus resource [io  0x0d00-0xffff window]
Aug 19 02:10:54 kali kernel: [    0.457760] pci_bus 0000:00: root bus resource [mem 0x000a0000-0x000bffff window]
Aug 19 02:10:54 kali kernel: [    0.457761] pci_bus 0000:00: root bus resource [mem 0xe0000000-0xfdffffff window]
Aug 19 02:10:54 kali kernel: [    0.457763] pci_bus 0000:00: root bus resource [bus 00-ff]
Aug 19 02:10:54 kali kernel: [    0.457764] pci 0000:00:00.0: [8086:1237] type 00 class 0x060000
Aug 19 02:10:54 kali kernel: [    0.457858] pci 0000:00:01.0: [8086:7000] type 00 class 0x060100
Aug 19 02:10:54 kali kernel: [    0.458557] pci 0000:00:01.1: [8086:7111] type 00 class 0x01018a
Aug 19 02:10:54 kali kernel: [    0.459017] pci 0000:00:01.1: reg 0x20: [io  0xd000-0xd00f]
Aug 19 02:10:54 kali kernel: [    0.459201] pci 0000:00:01.1: legacy IDE quirk: reg 0x10: [io  0x01f0-0x01f7]
Aug 19 02:10:54 kali kernel: [    0.459202] pci 0000:00:01.1: legacy IDE quirk: reg 0x14: [io  0x03f6]
Aug 19 02:10:54 kali kernel: [    0.459203] pci 0000:00:01.1: legacy IDE quirk: reg 0x18: [io  0x0170-0x0177]
Aug 19 02:10:54 kali kernel: [    0.459204] pci 0000:00:01.1: legacy IDE quirk: reg 0x1c: [io  0x0376]
Aug 19 02:10:54 kali kernel: [    0.459416] pci 0000:00:02.0: [15ad:0405] type 00 class 0x030000
Aug 19 02:10:54 kali kernel: [    0.462193] pci 0000:00:02.0: reg 0x10: [io  0xd010-0xd01f]
Aug 19 02:10:54 kali kernel: [    0.466065] pci 0000:00:02.0: reg 0x14: [mem 0xf0000000-0xf0ffffff]
Aug 19 02:10:54 kali kernel: [    0.469144] pci 0000:00:02.0: reg 0x18: [mem 0xf1000000-0xf11fffff]
Aug 19 02:10:54 kali kernel: [    0.478449] pci 0000:00:03.0: [8086:100e] type 00 class 0x020000
Aug 19 02:10:54 kali kernel: [    0.484386] pci 0000:00:03.0: reg 0x10: [mem 0xf1200000-0xf121ffff]
Aug 19 02:10:54 kali kernel: [    0.488607] pci 0000:00:03.0: reg 0x18: [io  0xd020-0xd027]
Aug 19 02:10:54 kali kernel: [    0.502273] pci 0000:00:04.0: [80ee:cafe] type 00 class 0x088000
Aug 19 02:10:54 kali kernel: [    0.505913] pci 0000:00:04.0: reg 0x10: [io  0xd040-0xd05f]
Aug 19 02:10:54 kali kernel: [    0.508953] pci 0000:00:04.0: reg 0x14: [mem 0xf1400000-0xf17fffff]
Aug 19 02:10:54 kali kernel: [    0.509892] pci 0000:00:04.0: reg 0x18: [mem 0xf1800000-0xf1803fff pref]
Aug 19 02:10:54 kali kernel: [    0.522382] pci 0000:00:05.0: [8086:2415] type 00 class 0x040100
Aug 19 02:10:54 kali kernel: [    0.522524] pci 0000:00:05.0: reg 0x10: [io  0xd100-0xd1ff]
Aug 19 02:10:54 kali kernel: [    0.522603] pci 0000:00:05.0: reg 0x14: [io  0xd200-0xd23f]
Aug 19 02:10:54 kali kernel: [    0.523232] pci 0000:00:06.0: [106b:003f] type 00 class 0x0c0310
Aug 19 02:10:54 kali kernel: [    0.525881] pci 0000:00:06.0: reg 0x10: [mem 0xf1804000-0xf1804fff]
Aug 19 02:10:54 kali kernel: [    0.542244] pci 0000:00:07.0: [8086:7113] type 00 class 0x068000
Aug 19 02:10:54 kali kernel: [    0.542669] pci 0000:00:07.0: quirk: [io  0x4000-0x403f] claimed by PIIX4 ACPI
Aug 19 02:10:54 kali kernel: [    0.542680] pci 0000:00:07.0: quirk: [io  0x4100-0x410f] claimed by PIIX4 SMB
Aug 19 02:10:54 kali kernel: [    0.543042] pci 0000:00:0d.0: [8086:2829] type 00 class 0x010601
Aug 19 02:10:54 kali kernel: [    0.545895] pci 0000:00:0d.0: reg 0x10: [io  0xd240-0xd247]
Aug 19 02:10:54 kali kernel: [    0.548610] pci 0000:00:0d.0: reg 0x14: [io  0xd248-0xd24b]
Aug 19 02:10:54 kali kernel: [    0.549886] pci 0000:00:0d.0: reg 0x18: [io  0xd250-0xd257]
Aug 19 02:10:54 kali kernel: [    0.553798] pci 0000:00:0d.0: reg 0x1c: [io  0xd258-0xd25b]
Aug 19 02:10:54 kali kernel: [    0.556289] pci 0000:00:0d.0: reg 0x20: [io  0xd260-0xd26f]
Aug 19 02:10:54 kali kernel: [    0.557890] pci 0000:00:0d.0: reg 0x24: [mem 0xf1806000-0xf1807fff]
Aug 19 02:10:54 kali kernel: [    0.563300] ACPI: PCI Interrupt Link [LNKA] (IRQs 5 9 10 *11)
Aug 19 02:10:54 kali kernel: [    0.563514] ACPI: PCI Interrupt Link [LNKB] (IRQs 5 9 *10 11)
Aug 19 02:10:54 kali kernel: [    0.563599] ACPI: PCI Interrupt Link [LNKC] (IRQs 5 *9 10 11)
Aug 19 02:10:54 kali kernel: [    0.563684] ACPI: PCI Interrupt Link [LNKD] (IRQs 5 9 10 *11)
Aug 19 02:10:54 kali kernel: [    0.563866] pci 0000:00:02.0: vgaarb: setting as boot VGA device
Aug 19 02:10:54 kali kernel: [    0.563866] pci 0000:00:02.0: vgaarb: VGA device added: decodes=io+mem,owns=io+mem,locks=none
Aug 19 02:10:54 kali kernel: [    0.563866] pci 0000:00:02.0: vgaarb: bridge control possible
Aug 19 02:10:54 kali kernel: [    0.563866] vgaarb: loaded
Aug 19 02:10:54 kali kernel: [    0.563866] pps_core: LinuxPPS API ver. 1 registered
Aug 19 02:10:54 kali kernel: [    0.563866] pps_core: Software ver. 5.3.6 - Copyright 2005-2007 Rodolfo Giometti <giometti@linux.it>
Aug 19 02:10:54 kali kernel: [    0.563866] PTP clock support registered
Aug 19 02:10:54 kali kernel: [    0.563866] EDAC MC: Ver: 3.0.0
Aug 19 02:10:54 kali kernel: [    0.563866] PCI: Using ACPI for IRQ routing
Aug 19 02:10:54 kali kernel: [    0.563866] PCI: pci_cache_line_size set to 64 bytes
Aug 19 02:10:54 kali kernel: [    0.563866] e820: reserve RAM buffer [mem 0x0009fc00-0x0009ffff]
Aug 19 02:10:54 kali kernel: [    0.563866] e820: reserve RAM buffer [mem 0xdfff0000-0xdfffffff]
Aug 19 02:10:54 kali kernel: [    0.563866] clocksource: Switched to clocksource kvm-clock
Aug 19 02:10:54 kali kernel: [    0.571018] VFS: Disk quotas dquot_6.6.0
Aug 19 02:10:54 kali kernel: [    0.571032] VFS: Dquot-cache hash table entries: 512 (order 0, 4096 bytes)
Aug 19 02:10:54 kali kernel: [    0.571122] AppArmor: AppArmor Filesystem Enabled
Aug 19 02:10:54 kali kernel: [    0.571142] pnp: PnP ACPI init
Aug 19 02:10:54 kali kernel: [    0.571200] pnp 00:00: Plug and Play ACPI device, IDs PNP0303 (active)
Aug 19 02:10:54 kali kernel: [    0.571258] pnp 00:01: Plug and Play ACPI device, IDs PNP0f03 (active)
Aug 19 02:10:54 kali kernel: [    0.571828] pnp: PnP ACPI: found 2 devices
Aug 19 02:10:54 kali kernel: [    0.581465] clocksource: acpi_pm: mask: 0xffffff max_cycles: 0xffffff, max_idle_ns: 2085701024 ns
Aug 19 02:10:54 kali kernel: [    0.581477] pci_bus 0000:00: resource 4 [io  0x0000-0x0cf7 window]
Aug 19 02:10:54 kali kernel: [    0.581478] pci_bus 0000:00: resource 5 [io  0x0d00-0xffff window]
Aug 19 02:10:54 kali kernel: [    0.581479] pci_bus 0000:00: resource 6 [mem 0x000a0000-0x000bffff window]
Aug 19 02:10:54 kali kernel: [    0.581481] pci_bus 0000:00: resource 7 [mem 0xe0000000-0xfdffffff window]
Aug 19 02:10:54 kali kernel: [    0.581526] NET: Registered protocol family 2
Aug 19 02:10:54 kali kernel: [    0.581658] tcp_listen_portaddr_hash hash table entries: 2048 (order: 3, 32768 bytes)
Aug 19 02:10:54 kali kernel: [    0.581670] TCP established hash table entries: 32768 (order: 6, 262144 bytes)
Aug 19 02:10:54 kali kernel: [    0.581708] TCP bind hash table entries: 32768 (order: 7, 524288 bytes)
Aug 19 02:10:54 kali kernel: [    0.581785] TCP: Hash tables configured (established 32768 bind 32768)
Aug 19 02:10:54 kali kernel: [    0.581811] UDP hash table entries: 2048 (order: 4, 65536 bytes)
Aug 19 02:10:54 kali kernel: [    0.581822] UDP-Lite hash table entries: 2048 (order: 4, 65536 bytes)
Aug 19 02:10:54 kali kernel: [    0.581858] NET: Registered protocol family 1
Aug 19 02:10:54 kali kernel: [    0.581867] NET: Registered protocol family 44
Aug 19 02:10:54 kali kernel: [    0.581891] pci 0000:00:00.0: Limiting direct PCI/PCI transfers
Aug 19 02:10:54 kali kernel: [    0.581939] pci 0000:00:01.0: Activating ISA DMA hang workarounds
Aug 19 02:10:54 kali kernel: [    0.581994] pci 0000:00:02.0: Video device with shadowed ROM at [mem 0x000c0000-0x000dffff]
Aug 19 02:10:54 kali kernel: [    0.583107] PCI: CLS 0 bytes, default 64
Aug 19 02:10:54 kali kernel: [    0.583430] Unpacking initramfs...
Aug 19 02:10:54 kali kernel: [    1.055122] Freeing initrd memory: 41700K
Aug 19 02:10:54 kali kernel: [    1.055134] PCI-DMA: Using software bounce buffering for IO (SWIOTLB)
Aug 19 02:10:54 kali kernel: [    1.055136] software IO TLB: mapped [mem 0xdbff0000-0xdfff0000] (64MB)
Aug 19 02:10:54 kali kernel: [    1.055188] clocksource: tsc: mask: 0xffffffffffffffff max_cycles: 0x2879c989f7e, max_idle_ns: 440795237972 ns
Aug 19 02:10:54 kali kernel: [    1.055218] platform rtc_cmos: registered platform RTC device (no PNP device found)
Aug 19 02:10:54 kali kernel: [    1.055781] Initialise system trusted keyrings
Aug 19 02:10:54 kali kernel: [    1.055966] workingset: timestamp_bits=40 max_order=20 bucket_order=0
Aug 19 02:10:54 kali kernel: [    1.057079] zbud: loaded
Aug 19 02:10:54 kali kernel: [    1.057306] pstore: using deflate compression
Aug 19 02:10:54 kali kernel: [    1.310028] Key type asymmetric registered
Aug 19 02:10:54 kali kernel: [    1.310029] Asymmetric key parser 'x509' registered
Aug 19 02:10:54 kali kernel: [    1.310040] Block layer SCSI generic (bsg) driver version 0.4 loaded (major 247)
Aug 19 02:10:54 kali kernel: [    1.310114] io scheduler noop registered
Aug 19 02:10:54 kali kernel: [    1.310115] io scheduler deadline registered
Aug 19 02:10:54 kali kernel: [    1.310159] io scheduler cfq registered (default)
Aug 19 02:10:54 kali kernel: [    1.310160] io scheduler mq-deadline registered
Aug 19 02:10:54 kali kernel: [    1.310371] shpchp: Standard Hot Plug PCI Controller Driver version: 0.4
Aug 19 02:10:54 kali kernel: [    1.310380] intel_idle: Please enable MWAIT in BIOS SETUP
Aug 19 02:10:54 kali kernel: [    1.310561] Serial: 8250/16550 driver, 4 ports, IRQ sharing enabled
Aug 19 02:10:54 kali kernel: [    1.311215] Linux agpgart interface v0.103
Aug 19 02:10:54 kali kernel: [    1.311292] AMD IOMMUv2 driver by Joerg Roedel <jroedel@suse.de>
Aug 19 02:10:54 kali kernel: [    1.311292] AMD IOMMUv2 functionality not available on this system
Aug 19 02:10:54 kali kernel: [    1.311513] i8042: PNP: PS/2 Controller [PNP0303:PS2K,PNP0f03:PS2M] at 0x60,0x64 irq 1,12
Aug 19 02:10:54 kali kernel: [    1.311995] serio: i8042 KBD port at 0x60,0x64 irq 1
Aug 19 02:10:54 kali kernel: [    1.311999] serio: i8042 AUX port at 0x60,0x64 irq 12
Aug 19 02:10:54 kali kernel: [    1.312115] mousedev: PS/2 mouse device common for all mice
Aug 19 02:10:54 kali kernel: [    1.312495] rtc_cmos rtc_cmos: registered as rtc0
Aug 19 02:10:54 kali kernel: [    1.312526] rtc_cmos rtc_cmos: alarms up to one day, 114 bytes nvram
Aug 19 02:10:54 kali kernel: [    1.312652] ledtrig-cpu: registered to indicate activity on CPUs
Aug 19 02:10:54 kali kernel: [    1.312917] NET: Registered protocol family 10
Aug 19 02:10:54 kali kernel: [    1.313312] input: AT Translated Set 2 keyboard as /devices/platform/i8042/serio0/input/input0
Aug 19 02:10:54 kali kernel: [    1.319952] Segment Routing with IPv6
Aug 19 02:10:54 kali kernel: [    1.319989] mip6: Mobile IPv6
Aug 19 02:10:54 kali kernel: [    1.319991] NET: Registered protocol family 17
Aug 19 02:10:54 kali kernel: [    1.320158] mpls_gso: MPLS GSO support
Aug 19 02:10:54 kali kernel: [    1.320419] sched_clock: Marking stable (1305684208, 14648705)->(1430737340, -110404427)
Aug 19 02:10:54 kali kernel: [    1.321389] registered taskstats version 1
Aug 19 02:10:54 kali kernel: [    1.321389] Loading compiled-in X.509 certificates
Aug 19 02:10:54 kali kernel: [    1.344785] Loaded X.509 cert 'Debian Secure Boot CA: 6ccece7e4c6c0d1f6149f3dd27dfcc5cbb419ea1'
Aug 19 02:10:54 kali kernel: [    1.344800] Loaded X.509 cert 'Debian Secure Boot Signer: 00a7468def'
Aug 19 02:10:54 kali kernel: [    1.344840] zswap: loaded using pool lzo/zbud
Aug 19 02:10:54 kali kernel: [    1.345058] AppArmor: AppArmor sha1 policy hashing enabled
Aug 19 02:10:54 kali kernel: [    1.345348] rtc_cmos rtc_cmos: setting system clock to 2019-08-19 08:10:52 UTC (1566202252)
Aug 19 02:10:54 kali kernel: [    1.346616] Freeing unused kernel image memory: 1576K
Aug 19 02:10:54 kali kernel: [    1.366113] Write protecting the kernel read-only data: 16384k
Aug 19 02:10:54 kali kernel: [    1.366809] Freeing unused kernel image memory: 2028K
Aug 19 02:10:54 kali kernel: [    1.367063] Freeing unused kernel image memory: 824K
Aug 19 02:10:54 kali kernel: [    1.376231] x86/mm: Checked W+X mappings: passed, no W+X pages found.
Aug 19 02:10:54 kali kernel: [    1.376232] x86/mm: Checking user space page tables
Aug 19 02:10:54 kali kernel: [    1.383809] x86/mm: Checked W+X mappings: passed, no W+X pages found.
Aug 19 02:10:54 kali kernel: [    1.383810] Run /init as init process
Aug 19 02:10:54 kali kernel: [    1.524698] SCSI subsystem initialized
Aug 19 02:10:54 kali kernel: [    1.528714] e1000: Intel(R) PRO/1000 Network Driver - version 7.3.21-k8-NAPI
Aug 19 02:10:54 kali kernel: [    1.528715] e1000: Copyright (c) 1999-2006 Intel Corporation.
Aug 19 02:10:54 kali kernel: [    1.528783] piix4_smbus 0000:00:07.0: SMBus Host Controller at 0x4100, revision 0
Aug 19 02:10:54 kali kernel: [    1.535453] libata version 3.00 loaded.
Aug 19 02:10:54 kali kernel: [    1.536012] ata_piix 0000:00:01.1: version 2.13
Aug 19 02:10:54 kali kernel: [    1.536874] ahci 0000:00:0d.0: version 3.0
Aug 19 02:10:54 kali kernel: [    1.537381] ahci 0000:00:0d.0: SSS flag set, parallel bus scan disabled
Aug 19 02:10:54 kali kernel: [    1.537528] ahci 0000:00:0d.0: AHCI 0001.0100 32 slots 1 ports 3 Gbps 0x1 impl SATA mode
Aug 19 02:10:54 kali kernel: [    1.537530] ahci 0000:00:0d.0: flags: 64bit ncq stag only ccc 
Aug 19 02:10:54 kali kernel: [    1.541225] cryptd: max_cpu_qlen set to 1000
Aug 19 02:10:54 kali kernel: [    1.542812] ACPI: bus type USB registered
Aug 19 02:10:54 kali kernel: [    1.542828] usbcore: registered new interface driver usbfs
Aug 19 02:10:54 kali kernel: [    1.542834] usbcore: registered new interface driver hub
Aug 19 02:10:54 kali kernel: [    1.542860] usbcore: registered new device driver usb
Aug 19 02:10:54 kali kernel: [    1.544233] scsi host0: ata_piix
Aug 19 02:10:54 kali kernel: [    1.544516] ehci_hcd: USB 2.0 'Enhanced' Host Controller (EHCI) Driver
Aug 19 02:10:54 kali kernel: [    1.545981] scsi host1: ahci
Aug 19 02:10:54 kali kernel: [    1.546112] AVX2 version of gcm_enc/dec engaged.
Aug 19 02:10:54 kali kernel: [    1.546112] AES CTR mode by8 optimization enabled
Aug 19 02:10:54 kali kernel: [    1.546119] ata3: SATA max UDMA/133 abar m8192@0xf1806000 port 0xf1806100 irq 21
Aug 19 02:10:54 kali kernel: [    1.547070] ohci_hcd: USB 1.1 'Open' Host Controller (OHCI) Driver
Aug 19 02:10:54 kali kernel: [    1.547380] ehci-pci: EHCI PCI platform driver
Aug 19 02:10:54 kali kernel: [    1.547773] ohci-pci: OHCI PCI platform driver
Aug 19 02:10:54 kali kernel: [    1.548679] ohci-pci 0000:00:06.0: OHCI PCI host controller
Aug 19 02:10:54 kali kernel: [    1.548684] ohci-pci 0000:00:06.0: new USB bus registered, assigned bus number 1
Aug 19 02:10:54 kali kernel: [    1.548757] ohci-pci 0000:00:06.0: irq 22, io mem 0xf1804000
Aug 19 02:10:54 kali kernel: [    1.548888] scsi host2: ata_piix
Aug 19 02:10:54 kali kernel: [    1.548941] ata1: PATA max UDMA/33 cmd 0x1f0 ctl 0x3f6 bmdma 0xd000 irq 14
Aug 19 02:10:54 kali kernel: [    1.548942] ata2: PATA max UDMA/33 cmd 0x170 ctl 0x376 bmdma 0xd008 irq 15
Aug 19 02:10:54 kali kernel: [    1.594972] alg: No test for pcbc(aes) (pcbc-aes-aesni)
Aug 19 02:10:54 kali kernel: [    1.607344] usb usb1: New USB device found, idVendor=1d6b, idProduct=0001, bcdDevice= 4.19
Aug 19 02:10:54 kali kernel: [    1.607346] usb usb1: New USB device strings: Mfr=3, Product=2, SerialNumber=1
Aug 19 02:10:54 kali kernel: [    1.607347] usb usb1: Product: OHCI PCI host controller
Aug 19 02:10:54 kali kernel: [    1.607348] usb usb1: Manufacturer: Linux 4.19.0-kali4-amd64 ohci_hcd
Aug 19 02:10:54 kali kernel: [    1.607349] usb usb1: SerialNumber: 0000:00:06.0
Aug 19 02:10:54 kali kernel: [    1.607457] hub 1-0:1.0: USB hub found
Aug 19 02:10:54 kali kernel: [    1.607471] hub 1-0:1.0: 12 ports detected
Aug 19 02:10:54 kali kernel: [    1.710125] ata2.00: ATAPI: VBOX CD-ROM, 1.0, max UDMA/133
Aug 19 02:10:54 kali kernel: [    1.739390] input: ImExPS/2 Generic Explorer Mouse as /devices/platform/i8042/serio1/input/input2
Aug 19 02:10:54 kali kernel: [    1.860171] ata3: SATA link up 3.0 Gbps (SStatus 123 SControl 300)
Aug 19 02:10:54 kali kernel: [    1.860292] ata3.00: ATA-6: VBOX HARDDISK, 1.0, max UDMA/133
Aug 19 02:10:54 kali kernel: [    1.860294] ata3.00: 67680768 sectors, multi 128: LBA48 NCQ (depth 32)
Aug 19 02:10:54 kali kernel: [    1.860547] ata3.00: configured for UDMA/133
Aug 19 02:10:54 kali kernel: [    1.862007] scsi 1:0:0:0: Direct-Access     ATA      VBOX HARDDISK    1.0  PQ: 0 ANSI: 5
Aug 19 02:10:54 kali kernel: [    1.862602] scsi 2:0:0:0: CD-ROM            VBOX     CD-ROM           1.0  PQ: 0 ANSI: 5
Aug 19 02:10:54 kali kernel: [    1.866636] sd 1:0:0:0: [sda] 67680768 512-byte logical blocks: (34.7 GB/32.3 GiB)
Aug 19 02:10:54 kali kernel: [    1.866640] sd 1:0:0:0: [sda] Write Protect is off
Aug 19 02:10:54 kali kernel: [    1.866641] sd 1:0:0:0: [sda] Mode Sense: 00 3a 00 00
Aug 19 02:10:54 kali kernel: [    1.866647] sd 1:0:0:0: [sda] Write cache: enabled, read cache: enabled, doesn't support DPO or FUA
Aug 19 02:10:54 kali kernel: [    1.869205] sr 2:0:0:0: [sr0] scsi3-mmc drive: 32x/32x xa/form2 tray
Aug 19 02:10:54 kali kernel: [    1.869219] cdrom: Uniform CD-ROM driver Revision: 3.20
Aug 19 02:10:54 kali kernel: [    1.869422] sr 2:0:0:0: Attached scsi CD-ROM sr0
Aug 19 02:10:54 kali kernel: [    1.871723]  sda: sda1 sda2 < sda5 >
Aug 19 02:10:54 kali kernel: [    1.871977] sd 1:0:0:0: [sda] Attached SCSI disk
Aug 19 02:10:54 kali kernel: [    1.931507] e1000 0000:00:03.0 eth0: (PCI:33MHz:32-bit) 08:00:27:c9:0b:01
Aug 19 02:10:54 kali kernel: [    1.931512] e1000 0000:00:03.0 eth0: Intel(R) PRO/1000 Network Connection
Aug 19 02:10:54 kali kernel: [    1.978375] PM: Image not found (code -22)
Aug 19 02:10:54 kali kernel: [    2.054351] usb 1-1: new full-speed USB device number 2 using ohci-pci
Aug 19 02:10:54 kali kernel: [    2.080597] EXT4-fs (sda1): mounted filesystem with ordered data mode. Opts: (null)
Aug 19 02:10:54 kali kernel: [    2.390993] usb 1-1: New USB device found, idVendor=80ee, idProduct=0021, bcdDevice= 1.00
Aug 19 02:10:54 kali kernel: [    2.390994] usb 1-1: New USB device strings: Mfr=1, Product=3, SerialNumber=0
Aug 19 02:10:54 kali kernel: [    2.390996] usb 1-1: Product: USB Tablet
Aug 19 02:10:54 kali kernel: [    2.390997] usb 1-1: Manufacturer: VirtualBox
Aug 19 02:10:54 kali kernel: [    2.534283] EXT4-fs (sda1): re-mounted. Opts: errors=remount-ro
Aug 19 02:10:54 kali kernel: [    2.766221] input: Power Button as /devices/LNXSYSTM:00/LNXPWRBN:00/input/input3
Aug 19 02:10:54 kali kernel: [    2.766235] ACPI: Power Button [PWRF]
Aug 19 02:10:54 kali kernel: [    2.766315] input: Sleep Button as /devices/LNXSYSTM:00/LNXSLPBN:00/input/input4
Aug 19 02:10:54 kali kernel: [    2.766321] ACPI: Sleep Button [SLPF]
Aug 19 02:10:54 kali kernel: [    2.774726] battery: ACPI: Battery Slot [BAT0] (battery present)
Aug 19 02:10:54 kali kernel: [    2.786755] ACPI: AC Adapter [AC] (on-line)
Aug 19 02:10:54 kali kernel: [    2.807761] ACPI: Video Device [GFX0] (multi-head: yes  rom: no  post: no)
Aug 19 02:10:54 kali kernel: [    2.807838] input: Video Bus as /devices/LNXSYSTM:00/LNXSYBUS:00/PNP0A03:00/LNXVIDEO:00/input/input5
Aug 19 02:10:54 kali kernel: [    2.820914] vboxguest: loading out-of-tree module taints kernel.
Aug 19 02:10:54 kali kernel: [    2.822171] input: PC Speaker as /devices/platform/pcspkr/input/input6
Aug 19 02:10:54 kali kernel: [    2.825658] sd 1:0:0:0: Attached scsi generic sg0 type 0
Aug 19 02:10:54 kali kernel: [    2.825686] sr 2:0:0:0: Attached scsi generic sg1 type 5
Aug 19 02:10:54 kali kernel: [    2.862551] RAPL PMU: API unit is 2^-32 Joules, 5 fixed counters, 10737418240 ms ovfl timer
Aug 19 02:10:54 kali kernel: [    2.862552] RAPL PMU: hw unit of domain pp0-core 2^-0 Joules
Aug 19 02:10:54 kali kernel: [    2.862552] RAPL PMU: hw unit of domain package 2^-0 Joules
Aug 19 02:10:54 kali kernel: [    2.862553] RAPL PMU: hw unit of domain dram 2^-0 Joules
Aug 19 02:10:54 kali kernel: [    2.862553] RAPL PMU: hw unit of domain pp1-gpu 2^-0 Joules
Aug 19 02:10:54 kali kernel: [    2.862554] RAPL PMU: hw unit of domain psys 2^-0 Joules
Aug 19 02:10:54 kali kernel: [    2.884686] vgdrvHeartbeatInit: Setting up heartbeat to trigger every 2000 milliseconds
Aug 19 02:10:54 kali kernel: [    2.884859] input: Unspecified device as /devices/pci0000:00/0000:00:04.0/input/input7
Aug 19 02:10:54 kali kernel: [    2.896493] vboxguest: misc device minor 58, IRQ 20, I/O port d040, MMIO at 00000000f1400000 (size 0x400000)
Aug 19 02:10:54 kali kernel: [    2.896495] vboxguest: Successfully loaded version 6.0.10 (interface 0x00010004)
Aug 19 02:10:54 kali kernel: [    2.930523] hidraw: raw HID events driver (C) Jiri Kosina
Aug 19 02:10:54 kali kernel: [    2.934517] [drm] DMA map mode: Using physical TTM page addresses.
Aug 19 02:10:54 kali kernel: [    2.934557] [drm] Capabilities:
Aug 19 02:10:54 kali kernel: [    2.934558] [drm]   Cursor.
Aug 19 02:10:54 kali kernel: [    2.934558] [drm]   Cursor bypass 2.
Aug 19 02:10:54 kali kernel: [    2.934558] [drm]   Alpha cursor.
Aug 19 02:10:54 kali kernel: [    2.934559] [drm]   3D.
Aug 19 02:10:54 kali kernel: [    2.934559] [drm]   Extended Fifo.
Aug 19 02:10:54 kali kernel: [    2.934559] [drm]   Pitchlock.
Aug 19 02:10:54 kali kernel: [    2.934560] [drm]   Irq mask.
Aug 19 02:10:54 kali kernel: [    2.934560] [drm]   GMR.
Aug 19 02:10:54 kali kernel: [    2.934561] [drm]   Traces.
Aug 19 02:10:54 kali kernel: [    2.934561] [drm]   GMR2.
Aug 19 02:10:54 kali kernel: [    2.934561] [drm]   Screen Object 2.
Aug 19 02:10:54 kali kernel: [    2.934562] [drm] Max GMR ids is 8192
Aug 19 02:10:54 kali kernel: [    2.934563] [drm] Max number of GMR pages is 1048576
Aug 19 02:10:54 kali kernel: [    2.934563] [drm] Max dedicated hypervisor surface memory is 507904 kiB
Aug 19 02:10:54 kali kernel: [    2.934564] [drm] Maximum display memory size is 16384 kiB
Aug 19 02:10:54 kali kernel: [    2.934565] [drm] VRAM at 0xf0000000 size is 16384 kiB
Aug 19 02:10:54 kali kernel: [    2.934565] [drm] MMIO at 0xf1000000 size is 2048 kiB
Aug 19 02:10:54 kali kernel: [    2.934566] [drm] global init.
Aug 19 02:10:54 kali kernel: [    2.934611] [TTM] Zone  kernel: Available graphics memory: 2020784 kiB
Aug 19 02:10:54 kali kernel: [    2.934612] [TTM] Initializing pool allocator
Aug 19 02:10:54 kali kernel: [    2.934615] [TTM] Initializing DMA pool allocator
Aug 19 02:10:54 kali kernel: [    2.939578] [drm] Supports vblank timestamp caching Rev 2 (21.10.2013).
Aug 19 02:10:54 kali kernel: [    2.939579] [drm] No driver support for vblank timestamp query.
Aug 19 02:10:54 kali kernel: [    2.939851] [drm] Screen Objects Display Unit initialized
Aug 19 02:10:54 kali kernel: [    2.939905] [drm] width 720
Aug 19 02:10:54 kali kernel: [    2.939915] [drm] height 400
Aug 19 02:10:54 kali kernel: [    2.939925] [drm] bpp 32
Aug 19 02:10:54 kali kernel: [    2.940173] [drm] Fifo max 0x00200000 min 0x00001000 cap 0x00000355
Aug 19 02:10:54 kali kernel: [    2.940181] [drm] DX: no.
Aug 19 02:10:54 kali kernel: [    2.940182] [drm] Atomic: yes.
Aug 19 02:10:54 kali kernel: [    2.940182] [drm] SM4_1: no.
Aug 19 02:10:54 kali kernel: [    2.940197] [drm:vmw_host_log [vmwgfx]] *ERROR* Failed to send host log message.
Aug 19 02:10:54 kali kernel: [    2.941118] [drm:vmw_host_log [vmwgfx]] *ERROR* Failed to send host log message.
Aug 19 02:10:54 kali kernel: [    2.945015] fbcon: svgadrmfb (fb0) is primary device
Aug 19 02:10:54 kali kernel: [    2.950998] Console: switching to colour frame buffer device 100x37
Aug 19 02:10:54 kali kernel: [    2.952733] [drm] Initialized vmwgfx 2.15.0 20180704 for 0000:00:02.0 on minor 0
Aug 19 02:10:54 kali kernel: [    2.985376] usbcore: registered new interface driver usbhid
Aug 19 02:10:54 kali kernel: [    2.985378] usbhid: USB HID core driver
Aug 19 02:10:54 kali kernel: [    3.026139] input: VirtualBox USB Tablet as /devices/pci0000:00/0000:00:06.0/usb1/1-1/1-1:1.0/0003:80EE:0021.0001/input/input8
Aug 19 02:10:54 kali kernel: [    3.027595] hid-generic 0003:80EE:0021.0001: input,hidraw0: USB HID v1.10 Mouse [VirtualBox USB Tablet] on usb-0000:00:06.0-1/input0
Aug 19 02:10:54 kali kernel: [    3.148345] Adding 4192252k swap on /dev/sda5.  Priority:-2 extents:1 across:4192252k FS
Aug 19 02:10:54 kali kernel: [    3.187532] snd_intel8x0 0000:00:05.0: white list rate for 1028:0177 is 48000
Aug 19 02:10:55 kali kernel: [    4.779017] IPv6: ADDRCONF(NETDEV_UP): eth0: link is not ready
Aug 19 02:10:55 kali kernel: [    4.782200] IPv6: ADDRCONF(NETDEV_UP): eth0: link is not ready
Aug 19 02:10:55 kali kernel: [    4.790051] e1000: eth0 NIC Link is Up 1000 Mbps Full Duplex, Flow Control: RX
Aug 19 02:10:55 kali kernel: [    4.790511] IPv6: ADDRCONF(NETDEV_CHANGE): eth0: link becomes ready
Aug 19 02:10:58 kali kernel: [    7.478384] 08:10:58.632998 main     VBoxService 6.0.10 r132072 (verbosity: 0) linux.amd64 (Jul 12 2019 11:05:23) release log
Aug 19 02:10:58 kali kernel: [    7.478384] 08:10:58.633003 main     Log opened 2019-08-19T08:10:58.632943000Z
Aug 19 02:10:58 kali kernel: [    7.478435] 08:10:58.633088 main     OS Product: Linux
Aug 19 02:10:58 kali kernel: [    7.478469] 08:10:58.633126 main     OS Release: 4.19.0-kali4-amd64
Aug 19 02:10:58 kali kernel: [    7.478502] 08:10:58.633159 main     OS Version: #1 SMP Debian 4.19.28-2kali1 (2019-03-18)
Aug 19 02:10:58 kali kernel: [    7.478545] 08:10:58.633192 main     Executable: /opt/VBoxGuestAdditions-6.0.10/sbin/VBoxService
Aug 19 02:10:58 kali kernel: [    7.478545] 08:10:58.633193 main     Process ID: 682
Aug 19 02:10:58 kali kernel: [    7.478545] 08:10:58.633193 main     Package type: LINUX_64BITS_GENERIC
Aug 19 02:10:58 kali kernel: [    7.481210] 08:10:58.635856 main     6.0.10 r132072 started. Verbose level = 0
Aug 19 02:10:58 kali kernel: [    7.482667] 08:10:58.637298 main     vbglR3GuestCtrlDetectPeekGetCancelSupport: Supported (#1)
Aug 19 02:11:47 kali kernel: [   56.294512] fuse init (API version 7.27)
Aug 19 02:11:52 kali kernel: [   61.597165] ISO 9660 Extensions: Microsoft Joliet Level 3
Aug 19 02:11:52 kali kernel: [   61.600997] ISO 9660 Extensions: RRIP_1991A
Aug 19 14:20:26 kali kernel: [    0.000000] Linux version 4.19.0-kali4-amd64 (devel@kali.org) (gcc version 8.3.0 (Debian 8.3.0-2)) #1 SMP Debian 4.19.28-2kali1 (2019-03-18)
Aug 19 14:20:26 kali kernel: [    0.000000] Command line: BOOT_IMAGE=/boot/vmlinuz-4.19.0-kali4-amd64 root=UUID=ef52d465-e451-41cf-b06a-80bdb2190af9 ro initrd=/install/gtk/initrd.gz quiet
Aug 19 14:20:26 kali kernel: [    0.000000] x86/fpu: Supporting XSAVE feature 0x001: 'x87 floating point registers'
Aug 19 14:20:26 kali kernel: [    0.000000] x86/fpu: Supporting XSAVE feature 0x002: 'SSE registers'
Aug 19 14:20:26 kali kernel: [    0.000000] x86/fpu: Supporting XSAVE feature 0x004: 'AVX registers'
Aug 19 14:20:26 kali kernel: [    0.000000] x86/fpu: xstate_offset[2]:  576, xstate_sizes[2]:  256
Aug 19 14:20:26 kali kernel: [    0.000000] x86/fpu: Enabled xstate features 0x7, context size is 832 bytes, using 'standard' format.
Aug 19 14:20:26 kali kernel: [    0.000000] BIOS-provided physical RAM map:
Aug 19 14:20:26 kali kernel: [    0.000000] BIOS-e820: [mem 0x0000000000000000-0x000000000009fbff] usable
Aug 19 14:20:26 kali kernel: [    0.000000] BIOS-e820: [mem 0x000000000009fc00-0x000000000009ffff] reserved
Aug 19 14:20:26 kali kernel: [    0.000000] BIOS-e820: [mem 0x00000000000f0000-0x00000000000fffff] reserved
Aug 19 14:20:26 kali kernel: [    0.000000] BIOS-e820: [mem 0x0000000000100000-0x00000000dffeffff] usable
Aug 19 14:20:26 kali kernel: [    0.000000] BIOS-e820: [mem 0x00000000dfff0000-0x00000000dfffffff] ACPI data
Aug 19 14:20:26 kali kernel: [    0.000000] BIOS-e820: [mem 0x00000000fec00000-0x00000000fec00fff] reserved
Aug 19 14:20:26 kali kernel: [    0.000000] BIOS-e820: [mem 0x00000000fee00000-0x00000000fee00fff] reserved
Aug 19 14:20:26 kali kernel: [    0.000000] BIOS-e820: [mem 0x00000000fffc0000-0x00000000ffffffff] reserved
Aug 19 14:20:26 kali kernel: [    0.000000] BIOS-e820: [mem 0x0000000100000000-0x000000011fffffff] usable
Aug 19 14:20:26 kali kernel: [    0.000000] NX (Execute Disable) protection: active
Aug 19 14:20:26 kali kernel: [    0.000000] SMBIOS 2.5 present.
Aug 19 14:20:26 kali kernel: [    0.000000] DMI: innotek GmbH VirtualBox/VirtualBox, BIOS VirtualBox 12/01/2006
Aug 19 14:20:26 kali kernel: [    0.000000] Hypervisor detected: KVM
Aug 19 14:20:26 kali kernel: [    0.000000] kvm-clock: Using msrs 4b564d01 and 4b564d00
Aug 19 14:20:26 kali kernel: [    0.000000] kvm-clock: cpu 0, msr 451dd001, primary cpu clock
Aug 19 14:20:26 kali kernel: [    0.000000] kvm-clock: using sched offset of 9272619383 cycles
Aug 19 14:20:26 kali kernel: [    0.000003] clocksource: kvm-clock: mask: 0xffffffffffffffff max_cycles: 0x1cd42e4dffb, max_idle_ns: 881590591483 ns
Aug 19 14:20:26 kali kernel: [    0.000005] tsc: Detected 2808.004 MHz processor
Aug 19 14:20:26 kali kernel: [    0.003981] e820: update [mem 0x00000000-0x00000fff] usable ==> reserved
Aug 19 14:20:26 kali kernel: [    0.003987] e820: remove [mem 0x000a0000-0x000fffff] usable
Aug 19 14:20:26 kali kernel: [    0.003999] last_pfn = 0x120000 max_arch_pfn = 0x400000000
Aug 19 14:20:26 kali kernel: [    0.004014] MTRR default type: uncachable
Aug 19 14:20:26 kali kernel: [    0.004015] MTRR variable ranges disabled:
Aug 19 14:20:26 kali kernel: [    0.004016] Disabled
Aug 19 14:20:26 kali kernel: [    0.004017] x86/PAT: MTRRs disabled, skipping PAT initialization too.
Aug 19 14:20:26 kali kernel: [    0.004020] CPU MTRRs all blank - virtualized system.
Aug 19 14:20:26 kali kernel: [    0.004022] x86/PAT: Configuration [0-7]: WB  WT  UC- UC  WB  WT  UC- UC  
Aug 19 14:20:26 kali kernel: [    0.004026] last_pfn = 0xdfff0 max_arch_pfn = 0x400000000
Aug 19 14:20:26 kali kernel: [    0.004065] found SMP MP-table at [mem 0x0009fff0-0x0009ffff] mapped at [(____ptrval____)]
Aug 19 14:20:26 kali kernel: [    0.106795] Base memory trampoline at [(____ptrval____)] 99000 size 24576
Aug 19 14:20:26 kali kernel: [    0.106819] BRK [0x45401000, 0x45401fff] PGTABLE
Aug 19 14:20:26 kali kernel: [    0.106822] BRK [0x45402000, 0x45402fff] PGTABLE
Aug 19 14:20:26 kali kernel: [    0.106823] BRK [0x45403000, 0x45403fff] PGTABLE
Aug 19 14:20:26 kali kernel: [    0.106852] BRK [0x45404000, 0x45404fff] PGTABLE
Aug 19 14:20:26 kali kernel: [    0.106854] BRK [0x45405000, 0x45405fff] PGTABLE
Aug 19 14:20:26 kali kernel: [    0.113034] RAMDISK: [mem 0x32e7d000-0x35735fff]
Aug 19 14:20:26 kali kernel: [    0.113046] ACPI: Early table checksum verification disabled
Aug 19 14:20:26 kali kernel: [    0.113060] ACPI: RSDP 0x00000000000E0000 000024 (v02 VBOX  )
Aug 19 14:20:26 kali kernel: [    0.113065] ACPI: XSDT 0x00000000DFFF0030 00003C (v01 VBOX   VBOXXSDT 00000001 ASL  00000061)
Aug 19 14:20:26 kali kernel: [    0.113070] ACPI: FACP 0x00000000DFFF00F0 0000F4 (v04 VBOX   VBOXFACP 00000001 ASL  00000061)
Aug 19 14:20:26 kali kernel: [    0.113075] ACPI: DSDT 0x00000000DFFF0470 0022EA (v02 VBOX   VBOXBIOS 00000002 INTL 20100528)
Aug 19 14:20:26 kali kernel: [    0.113079] ACPI: FACS 0x00000000DFFF0200 000040
Aug 19 14:20:26 kali kernel: [    0.113081] ACPI: FACS 0x00000000DFFF0200 000040
Aug 19 14:20:26 kali kernel: [    0.113084] ACPI: APIC 0x00000000DFFF0240 00005C (v02 VBOX   VBOXAPIC 00000001 ASL  00000061)
Aug 19 14:20:26 kali kernel: [    0.113087] ACPI: SSDT 0x00000000DFFF02A0 0001CC (v01 VBOX   VBOXCPUT 00000002 INTL 20100528)
Aug 19 14:20:26 kali kernel: [    0.113095] ACPI: Local APIC address 0xfee00000
Aug 19 14:20:26 kali kernel: [    0.113339] No NUMA configuration found
Aug 19 14:20:26 kali kernel: [    0.113340] Faking a node at [mem 0x0000000000000000-0x000000011fffffff]
Aug 19 14:20:26 kali kernel: [    0.113344] NODE_DATA(0) allocated [mem 0x11fff7000-0x11fffbfff]
Aug 19 14:20:26 kali kernel: [    0.119372] Zone ranges:
Aug 19 14:20:26 kali kernel: [    0.119374]   DMA      [mem 0x0000000000001000-0x0000000000ffffff]
Aug 19 14:20:26 kali kernel: [    0.119377]   DMA32    [mem 0x0000000001000000-0x00000000ffffffff]
Aug 19 14:20:26 kali kernel: [    0.119379]   Normal   [mem 0x0000000100000000-0x000000011fffffff]
Aug 19 14:20:26 kali kernel: [    0.119382]   Device   empty
Aug 19 14:20:26 kali kernel: [    0.119383] Movable zone start for each node
Aug 19 14:20:26 kali kernel: [    0.119384] Early memory node ranges
Aug 19 14:20:26 kali kernel: [    0.119386]   node   0: [mem 0x0000000000001000-0x000000000009efff]
Aug 19 14:20:26 kali kernel: [    0.119387]   node   0: [mem 0x0000000000100000-0x00000000dffeffff]
Aug 19 14:20:26 kali kernel: [    0.119389]   node   0: [mem 0x0000000100000000-0x000000011fffffff]
Aug 19 14:20:26 kali kernel: [    0.126096] Reserved but unavailable: 98 pages
Aug 19 14:20:26 kali kernel: [    0.126098] Initmem setup node 0 [mem 0x0000000000001000-0x000000011fffffff]
Aug 19 14:20:26 kali kernel: [    0.126100] On node 0 totalpages: 1048462
Aug 19 14:20:26 kali kernel: [    0.126101]   DMA zone: 64 pages used for memmap
Aug 19 14:20:26 kali kernel: [    0.126101]   DMA zone: 21 pages reserved
Aug 19 14:20:26 kali kernel: [    0.126102]   DMA zone: 3998 pages, LIFO batch:0
Aug 19 14:20:26 kali kernel: [    0.126178]   DMA32 zone: 14272 pages used for memmap
Aug 19 14:20:26 kali kernel: [    0.126179]   DMA32 zone: 913392 pages, LIFO batch:63
Aug 19 14:20:26 kali kernel: [    0.539570]   Normal zone: 2048 pages used for memmap
Aug 19 14:20:26 kali kernel: [    0.539573]   Normal zone: 131072 pages, LIFO batch:31
Aug 19 14:20:26 kali kernel: [    0.552960] ACPI: PM-Timer IO Port: 0x4008
Aug 19 14:20:26 kali kernel: [    0.552963] ACPI: Local APIC address 0xfee00000
Aug 19 14:20:26 kali kernel: [    0.553022] IOAPIC[0]: apic_id 2, version 32, address 0xfec00000, GSI 0-23
